Component: ARM Compiler 5.06 update 1 (build 61) Tool: armlink [4d35a8]

==============================================================================

Section Cross References

    main.o(.text) refers to _printf_percent.o(.ARM.Collect$$_printf_percent$$00000000) for _printf_percent
    main.o(.text) refers to _printf_d.o(.ARM.Collect$$_printf_percent$$00000009) for _printf_d
    main.o(.text) refers to _printf_dec.o(.text) for _printf_int_dec
    main.o(.text) refers to delay.o(.text) for Delay_init
    main.o(.text) refers to misc.o(.text) for NVIC_PriorityGroupConfig
    main.o(.text) refers to key.o(.text) for Key_init
    main.o(.text) refers to function.o(.text) for PID_Parameter_Init
    main.o(.text) refers to usart-hmi.o(.text) for TestMode_Flag_Init
    main.o(.text) refers to led.o(.text) for LED_init
    main.o(.text) refers to mcwheel.o(.text) for McWheel_Init
    main.o(.text) refers to uart4_openmv.o(.text) for UART4_OPENMV_Init
    main.o(.text) refers to noretval__2sprintf.o(.text) for __2sprintf
    main.o(.text) refers to stm32f10x_tim.o(.text) for TIM_Cmd
    main.o(.text) refers to function.o(.bss) for ShotPid
    main.o(.text) refers to usart-hmi.o(.data) for test_mode
    main.o(.text) refers to function.o(.data) for Shot_Sequence
    main.o(.text) refers to uart4_openmv.o(.data) for rece_ok
    system_stm32f10x.o(.text) refers to system_stm32f10x.o(.data) for SystemCoreClock
    stepmotor.o(.text) refers to _printf_percent.o(.ARM.Collect$$_printf_percent$$00000000) for _printf_percent
    stepmotor.o(.text) refers to _printf_d.o(.ARM.Collect$$_printf_percent$$00000009) for _printf_d
    stepmotor.o(.text) refers to _printf_dec.o(.text) for _printf_int_dec
    stepmotor.o(.text) refers to dflt_clz.o(x$fpl$dfltu) for __aeabi_ui2d
    stepmotor.o(.text) refers to ddiv.o(x$fpl$ddiv) for __aeabi_ddiv
    stepmotor.o(.text) refers to daddsub_clz.o(x$fpl$dsub) for __aeabi_dsub
    stepmotor.o(.text) refers to dfixu.o(x$fpl$dfixu) for __aeabi_d2uiz
    stepmotor.o(.text) refers to stm32f10x_tim.o(.text) for TIM_TimeBaseInit
    stepmotor.o(.text) refers to stm32f10x_rcc.o(.text) for RCC_APB2PeriphClockCmd
    stepmotor.o(.text) refers to stm32f10x_gpio.o(.text) for GPIO_Init
    stepmotor.o(.text) refers to stm32f10x_exti.o(.text) for EXTI_Init
    stepmotor.o(.text) refers to misc.o(.text) for NVIC_Init
    stepmotor.o(.text) refers to noretval__2printf.o(.text) for __2printf
    stepmotor.o(.text) refers to stepmotor.o(.data) for TIM8_CC1_Pulse
    key.o(.text) refers to stm32f10x_rcc.o(.text) for RCC_APB2PeriphClockCmd
    key.o(.text) refers to stm32f10x_gpio.o(.text) for GPIO_Init
    key.o(.text) refers to stm32f10x_exti.o(.text) for EXTI_Init
    key.o(.text) refers to misc.o(.text) for NVIC_Init
    key.o(.text) refers to delay.o(.text) for Delay_ms
    key.o(.text) refers to stm32f10x_tim.o(.text) for TIM_Cmd
    key.o(.text) refers to mcwheel.o(.text) for Stpmotor_freq_num
    led.o(.text) refers to stm32f10x_rcc.o(.text) for RCC_APB2PeriphClockCmd
    led.o(.text) refers to stm32f10x_gpio.o(.text) for GPIO_Init
    mcwheel.o(.text) refers to dflt_clz.o(x$fpl$dfltu) for __aeabi_ui2d
    mcwheel.o(.text) refers to ddiv.o(x$fpl$ddiv) for __aeabi_ddiv
    mcwheel.o(.text) refers to daddsub_clz.o(x$fpl$dsub) for __aeabi_dsub
    mcwheel.o(.text) refers to dfixu.o(x$fpl$dfixu) for __aeabi_d2uiz
    mcwheel.o(.text) refers to stm32f10x_tim.o(.text) for TIM_TimeBaseInit
    mcwheel.o(.text) refers to stm32f10x_rcc.o(.text) for RCC_APB1PeriphClockCmd
    mcwheel.o(.text) refers to stm32f10x_gpio.o(.text) for GPIO_Init
    mcwheel.o(.text) refers to misc.o(.text) for NVIC_Init
    mcwheel.o(.text) refers to mcwheel.o(.data) for TIM2_CC1_pulse
    function.o(.text) refers to dflt_clz.o(x$fpl$dflt) for __aeabi_i2d
    function.o(.text) refers to dmul.o(x$fpl$dmul) for __aeabi_dmul
    function.o(.text) refers to f2d.o(x$fpl$f2d) for __aeabi_f2d
    function.o(.text) refers to daddsub_clz.o(x$fpl$dadd) for __aeabi_dadd
    function.o(.text) refers to d2f.o(x$fpl$d2f) for __aeabi_d2f
    function.o(.text) refers to frleqf.o(x$fpl$frleqf) for __aeabi_cfrcmple
    function.o(.text) refers to ddiv.o(x$fpl$ddiv) for __aeabi_ddiv
    function.o(.text) refers to daddsub_clz.o(x$fpl$dsub) for __aeabi_dsub
    function.o(.text) refers to fflt_clz.o(x$fpl$fflt) for __aeabi_i2f
    function.o(.text) refers to fmul.o(x$fpl$fmul) for __aeabi_fmul
    function.o(.text) refers to dfix.o(x$fpl$dfix) for __aeabi_d2iz
    usart-hmi.o(.text) refers to stm32f10x_rcc.o(.text) for RCC_APB2PeriphClockCmd
    usart-hmi.o(.text) refers to stm32f10x_gpio.o(.text) for GPIO_Init
    usart-hmi.o(.text) refers to misc.o(.text) for NVIC_Init
    usart-hmi.o(.text) refers to stm32f10x_usart.o(.text) for USART_Init
    usart-hmi.o(.text) refers to delay.o(.text) for Delay_ms
    usart-hmi.o(.text) refers to usart-hmi.o(.data) for test_mode
[...]
    ../clib/armsys.c                         0x00000000   Number         0  argv_veneer.o ABSOLUTE
    ../clib/armsys.c                         0x00000000   Number         0  argv_veneer.o ABSOLUTE
    ../clib/armsys.c                         0x00000000   Number         0  no_argv.o ABSOLUTE
    ../clib/armsys.c                         0x00000000   Number         0  _get_argv_nomalloc.o ABSOLUTE
    ../clib/heapalloc.c                      0x00000000   Number         0  hrguard.o ABSOLUTE
    ../clib/heapaux.c                        0x00000000   Number         0  heapauxi.o ABSOLUTE
    ../clib/libinit.s                        0x00000000   Number         0  libinit2.o ABSOLUTE
    ../clib/libinit.s                        0x00000000   Number         0  libshutdown.o ABSOLUTE
    ../clib/libinit.s                        0x00000000   Number         0  libinit.o ABSOLUTE
    ../clib/libinit.s                        0x00000000   Number         0  libshutdown2.o ABSOLUTE
    ../clib/misc.s                           0x00000000   Number         0  printf_stubs.o ABSOLUTE
    ../clib/printf.c                         0x00000000   Number         0  __printf.o ABSOLUTE
    ../clib/printf.c                         0x00000000   Number         0  _printf_str.o ABSOLUTE
    ../clib/printf.c                         0x00000000   Number         0  _printf_dec.o ABSOLUTE
    ../clib/printf.c                         0x00000000   Number         0  noretval__2sprintf.o ABSOLUTE
    ../clib/printf.c                         0x00000000   Number         0  __printf_flags.o ABSOLUTE
    ../clib/printf.c                         0x00000000   Number         0  noretval__2printf.o ABSOLUTE
    ../clib/printf.c                         0x00000000   Number         0  __2printf.o ABSOLUTE
    ../clib/printf.c                         0x00000000   Number         0  __printf_nopercent.o ABSOLUTE
    ../clib/printf.c                         0x00000000   Number         0  __printf_flags_ss.o ABSOLUTE
    ../clib/printf.c                         0x00000000   Number         0  __printf_ss.o ABSOLUTE
    ../clib/printf.c                         0x00000000   Number         0  __printf_wp.o ABSOLUTE
    ../clib/printf.c                         0x00000000   Number         0  __2sprintf.o ABSOLUTE
    ../clib/printf.c                         0x00000000   Number         0  __printf_flags_wp.o ABSOLUTE
    ../clib/printf.c                         0x00000000   Number         0  __printf_ss_wp.o ABSOLUTE
    ../clib/printf.c                         0x00000000   Number         0  __printf_flags_ss_wp.o ABSOLUTE
    ../clib/printf.c                         0x00000000   Number         0  _printf_char_file.o ABSOLUTE
    ../clib/printf.c                         0x00000000   Number         0  _printf_char.o ABSOLUTE
    ../clib/printf.c                         0x00000000   Number         0  _sputc.o ABSOLUTE
    ../clib/printf.c                         0x00000000   Number         0  _printf_char_common.o ABSOLUTE
    ../clib/printf.c                         0x00000000   Number         0  _printf_intcommon.o ABSOLUTE
    ../clib/printf_percent.s                 0x00000000   Number         0  _printf_d.o ABSOLUTE
    ../clib/printf_percent.s                 0x00000000   Number         0  _printf_s.o ABSOLUTE
    ../clib/printf_percent.s                 0x00000000   Number         0  _printf_percent.o ABSOLUTE
    ../clib/printf_percent.s                 0x00000000   Number         0  _printf_percent_end.o ABSOLUTE
    ../clib/signal.c                         0x00000000   Number         0  defsig_general.o ABSOLUTE
    ../clib/signal.c                         0x00000000   Number         0  __raise.o ABSOLUTE
    ../clib/signal.c                         0x00000000   Number         0  defsig_rtmem_inner.o ABSOLUTE
    ../clib/signal.c                         0x00000000   Number         0  defsig_exit.o ABSOLUTE
    ../clib/signal.c                         0x00000000   Number         0  defsig_rtmem_outer.o ABSOLUTE
    ../clib/signal.c                         0x00000000   Number         0  defsig_rtmem_formal.o ABSOLUTE
    ../clib/signal.c                         0x00000000   Number         0  defsig_other.o ABSOLUTE
    ../clib/signal.c                         0x00000000   Number         0  defsig_segv_inner.o ABSOLUTE
    ../clib/signal.c                         0x00000000   Number         0  defsig_cppl_inner.o ABSOLUTE
    ../clib/signal.c                         0x00000000   Number         0  defsig_pvfn_inner.o ABSOLUTE
    ../clib/signal.c                         0x00000000   Number         0  defsig_stak_inner.o ABSOLUTE
    ../clib/signal.c                         0x00000000   Number         0  defsig_rtred_inner.o ABSOLUTE
    ../clib/signal.c                         0x00000000   Number         0  defsig_fpe_inner.o ABSOLUTE
    ../clib/signal.c                         0x00000000   Number         0  defsig_abrt_inner.o ABSOLUTE
    ../clib/signal.s                         0x00000000   Number         0  defsig.o ABSOLUTE
    ../clib/stdio.c                          0x00000000   Number         0  ferror_locked.o ABSOLUTE
    ../clib/stdio.c                          0x00000000   Number         0  ferror.o ABSOLUTE
    ../clib/stdlib.c                         0x00000000   Number         0  exit.o ABSOLUTE
    ../fplib/d2f.s                           0x00000000   Number         0  d2f.o ABSOLUTE
    ../fplib/daddsub.s                       0x00000000   Number         0  daddsub_clz.o ABSOLUTE
    ../fplib/ddiv.s                          0x00000000   Number         0  ddiv.o ABSOLUTE
    ../fplib/dfix.s                          0x00000000   Number         0  dfix.o ABSOLUTE
    ../fplib/dfixu.s                         0x00000000   Number         0  dfixu.o ABSOLUTE
    ../fplib/dflt.s                          0x00000000   Number         0  dflt_clz.o ABSOLUTE
    ../fplib/dmul.s                          0x00000000   Number         0  dmul.o ABSOLUTE
    ../fplib/dnaninf.s                       0x00000000   Number         0  dnaninf.o ABSOLUTE
    ../fplib/dretinf.s                       0x00000000   Number         0  dretinf.o ABSOLUTE
    ../fplib/f2d.s                           0x00000000   Number         0  f2d.o ABSOLUTE
    ../fplib/fcmpi.s                         0x00000000   Number         0  fcmpi.o ABSOLUTE
    ../fplib/fflt.s                          0x00000000   Number         0  fflt_clz.o ABSOLUTE
    ../fplib/fleqf.s                         0x00000000   Number         0  fleqf.o ABSOLUTE
    ../fplib/fmul.s                          0x00000000   Number         0  fmul.o ABSOLUTE
    ../fplib/fnaninf.s                       0x00000000   Number         0  fnaninf.o ABSOLUTE
    ../fplib/fpinit.s                        0x00000000   Number         0  fpinit.o ABSOLUTE
    ../fplib/fretinf.s                       0x00000000   Number         0  fretinf.o ABSOLUTE
    ../fplib/frleqf.s                        0x00000000   Number         0  frleqf.o ABSOLUTE
    ../fplib/usenofp.s                       0x00000000   Number         0  usenofp.o ABSOLUTE
    ..\CORE\core_cm3.c                       0x00000000   Number         0  core_cm3.o ABSOLUTE
    ..\CORE\startup_stm32f10x_hd.s           0x00000000   Number         0  startup_stm32f10x_hd.o ABSOLUTE
    ..\HARDWARE\KEY\KEY.c                    0x00000000   Number         0  key.o ABSOLUTE
    ..\HARDWARE\McWheel\McWheel.c            0x00000000   Number         0  mcwheel.o ABSOLUTE
    ..\HARDWARE\StepMotor\StepMotor.c        0x00000000   Number         0  stepmotor.o ABSOLUTE
    ..\HARDWARE\UART4_OPENMV\UART4_OPENMV.c  0x00000000   Number         0  uart4_openmv.o ABSOLUTE
    ..\HARDWARE\USART-HMI\usart-hmi.c        0x00000000   Number         0  usart-hmi.o ABSOLUTE
    ..\HARDWARE\function\function.c          0x00000000   Number         0  function.o ABSOLUTE
    ..\HARDWARE\led\led.c                    0x00000000   Number         0  led.o ABSOLUTE
    ..\STM32F10x_FWLib\src\misc.c            0x00000000   Number         0  misc.o ABSOLUTE
    ..\STM32F10x_FWLib\src\stm32f10x_exti.c  0x00000000   Number         0  stm32f10x_exti.o ABSOLUTE
    ..\STM32F10x_FWLib\src\stm32f10x_fsmc.c  0x00000000   Number         0  stm32f10x_fsmc.o ABSOLUTE
    ..\STM32F10x_FWLib\src\stm32f10x_gpio.c  0x00000000   Number         0  stm32f10x_gpio.o ABSOLUTE
    ..\STM32F10x_FWLib\src\stm32f10x_rcc.c   0x00000000   Number         0  stm32f10x_rcc.o ABSOLUTE
    ..\STM32F10x_FWLib\src\stm32f10x_tim.c   0x00000000   Number         0  stm32f10x_tim.o ABSOLUTE
    ..\STM32F10x_FWLib\src\stm32f10x_usart.c 0x00000000   Number         0  stm32f10x_usart.o ABSOLUTE
    ..\SYSTEM\delay\delay.c                  0x00000000   Number         0  delay.o ABSOLUTE
    ..\SYSTEM\sys\sys.c                      0x00000000   Number         0  sys.o ABSOLUTE
    ..\SYSTEM\usart\usart.c                  0x00000000   Number         0  usart.o ABSOLUTE
    ..\\CORE\\core_cm3.c                     0x00000000   Number         0  core_cm3.o ABSOLUTE
    ..\\SYSTEM\\sys\\sys.c                   0x00000000   Number         0  sys.o ABSOLUTE
    dc.s                                     0x00000000   Number         0  dc.o ABSOLUTE
    main.c                                   0x00000000   Number         0  main.o ABSOLUTE
    stm32f10x_it.c                           0x00000000   Number         0  stm32f10x_it.o ABSOLUTE
    system_stm32f10x.c                       0x00000000   Number         0  system_stm32f10x.o ABSOLUTE
    RESET                                    0x08000000   Section      304  startup_stm32f10x_hd.o(RESET)
    !!!main                                  0x08000130   Section        8  __main.o(!!!main)
    !!!scatter                               0x08000138   Section       52  __scatter.o(!!!scatter)
    !!handler_copy                           0x0800016c   Section       26  __scatter_copy.o(!!handler_copy)
    !!handler_zi                             0x08000188   Section       28  __scatter_zi.o(!!handler_zi)
    .ARM.Collect$$_printf_percent$$00000000  0x080001a4   Section        0  _printf_percent.o(.ARM.Collect$$_printf_percent$$00000000)
    .ARM.Collect$$_printf_percent$$00000009  0x080001a4   Section        6  _printf_d.o(.ARM.Collect$$_printf_percent$$00000009)
    .ARM.Collect$$_printf_percent$$00000014  0x080001aa   Section        6  _printf_s.o(.ARM.Collect$$_printf_percent$$00000014)
    .ARM.Collect$$_printf_percent$$00000017  0x080001b0   Section        4  _printf_percent_end.o(.ARM.Collect$$_printf_percent$$00000017)
    .ARM.Collect$$libinit$$00000000          0x080001b4   Section        2  libinit.o(.ARM.Collect$$libinit$$00000000)
    .ARM.Collect$$libinit$$00000002          0x080001b6   Section        0  libinit2.o(.ARM.Collect$$libinit$$00000002)
    .ARM.Collect$$libinit$$00000004          0x080001b6   Section        0  libinit2.o(.ARM.Collect$$libinit$$00000004)
    .ARM.Collect$$libinit$$0000000A          0x080001b6   Section        0  libinit2.o(.ARM.Collect$$libinit$$0000000A)
    .ARM.Collect$$libinit$$0000000C          0x080001b6   Section        0  libinit2.o(.ARM.Collect$$libinit$$0000000C)
    .ARM.Collect$$libinit$$0000000E          0x080001b6   Section        0  libinit2.o(.ARM.Collect$$libinit$$0000000E)
    .ARM.Collect$$libinit$$00000011          0x080001b6   Section        0  libinit2.o(.ARM.Collect$$libinit$$00000011)
    .ARM.Collect$$libinit$$00000013          0x080001b6   Section        0  libinit2.o(.ARM.Collect$$libinit$$00000013)
    .ARM.Collect$$libinit$$00000015          0x080001b6   Section        0  libinit2.o(.ARM.Collect$$libinit$$00000015)
    .ARM.Collect$$libinit$$00000017          0x080001b6   Section        0  libinit2.o(.ARM.Collect$$libinit$$00000017)
    .ARM.Collect$$libinit$$00000019          0x080001b6   Section        0  libinit2.o(.ARM.Collect$$libinit$$00000019)
    .ARM.Collect$$libinit$$0000001B          0x080001b6   Section        0  libinit2.o(.ARM.Collect$$libinit$$0000001B)
    .ARM.Collect$$libinit$$0000001D          0x080001b6   Section        0  libinit2.o(.ARM.Collect$$libinit$$0000001D)
    .ARM.Collect$$libinit$$0000001F          0x080001b6   Section        0  libinit2.o(.ARM.Collect$$libinit$$0000001F)
    .ARM.Collect$$libinit$$00000021          0x080001b6   Section        0  libinit2.o(.ARM.Collect$$libinit$$00000021)
    .ARM.Collect$$libinit$$00000023          0x080001b6   Section        0  libinit2.o(.ARM.Collect$$libinit$$00000023)
    .ARM.Collect$$libinit$$00000025          0x080001b6   Section        0  libinit2.o(.ARM.Collect$$libinit$$00000025)
    .ARM.Collect$$libinit$$0000002C          0x080001b6   Section        0  libinit2.o(.ARM.Collect$$libinit$$0000002C)
    .ARM.Collect$$libinit$$0000002E          0x080001b6   Section        0  libinit2.o(.ARM.Collect$$libinit$$0000002E)
    .ARM.Collect$$libinit$$00000030          0x080001b6   Section        0  libinit2.o(.ARM.Collect$$libinit$$00000030)
    .ARM.Collect$$libinit$$00000032          0x080001b6   Section        0  libinit2.o(.ARM.Collect$$libinit$$00000032)
    .ARM.Collect$$libinit$$00000033          0x080001b6   Section        2  libinit2.o(.ARM.Collect$$libinit$$00000033)
    .ARM.Collect$$libshutdown$$00000000      0x080001b8   Section        2  libshutdown.o(.ARM.Collect$$libshutdown$$00000000)
    .ARM.Collect$$libshutdown$$00000002      0x080001ba   Section        0  libshutdown2.o(.ARM.Collect$$libshutdown$$00000002)
    .ARM.Collect$$libshutdown$$00000004      0x080001ba   Section        0  libshutdown2.o(.ARM.Collect$$libshutdown$$00000004)
    .ARM.Collect$$libshutdown$$00000007      0x080001ba   Section        0  libshutdown2.o(.ARM.Collect$$libshutdown$$00000007)
    .ARM.Collect$$libshutdown$$0000000A      0x080001ba   Section        0  libshutdown2.o(.ARM.Collect$$libshutdown$$0000000A)
    .ARM.Collect$$libshutdown$$0000000C      0x080001ba   Section        0  libshutdown2.o(.ARM.Collect$$libshutdown$$0000000C)
    .ARM.Collect$$libshutdown$$0000000F      0x080001ba   Section        0  libshutdown2.o(.ARM.Collect$$libshutdown$$0000000F)
    .ARM.Collect$$libshutdown$$00000010      0x080001ba   Section        2  libshutdown2.o(.ARM.Collect$$libshutdown$$00000010)
    .ARM.Collect$$rtentry$$00000000          0x080001bc   Section        0  __rtentry.o(.ARM.Collect$$rtentry$$00000000)
    .ARM.Collect$$rtentry$$00000002          0x080001bc   Section        0  __rtentry2.o(.ARM.Collect$$rtentry$$00000002)
    .ARM.Collect$$rtentry$$00000004          0x080001bc   Section        6  __rtentry4.o(.ARM.Collect$$rtentry$$00000004)
    .ARM.Collect$$rtentry$$00000009          0x080001c2   Section        0  __rtentry2.o(.ARM.Collect$$rtentry$$00000009)
    .ARM.Collect$$rtentry$$0000000A          0x080001c2   Section        4  __rtentry2.o(.ARM.Collect$$rtentry$$0000000A)
    .ARM.Collect$$rtentry$$0000000C          0x080001c6   Section        0  __rtentry2.o(.ARM.Collect$$rtentry$$0000000C)
    .ARM.Collect$$rtentry$$0000000D          0x080001c6   Section        8  __rtentry2.o(.ARM.Collect$$rtentry$$0000000D)
    .ARM.Collect$$rtexit$$00000000           0x080001ce   Section        2  rtexit.o(.ARM.Collect$$rtexit$$00000000)
    .ARM.Collect$$rtexit$$00000002           0x080001d0   Section        0  rtexit2.o(.ARM.Collect$$rtexit$$00000002)
    .ARM.Collect$$rtexit$$00000003           0x080001d0   Section        4  rtexit2.o(.ARM.Collect$$rtexit$$00000003)
    .ARM.Collect$$rtexit$$00000004           0x080001d4   Section        6  rtexit2.o(.ARM.Collect$$rtexit$$00000004)
    .text                                    0x080001dc   Section        0  main.o(.text)
    .text                                    0x080006b8   Section        0  stm32f10x_it.o(.text)
    .text                                    0x080006d4   Section        0  system_stm32f10x.o(.text)
    SetSysClockTo72                          0x080006d5   Thumb Code   214  system_stm32f10x.o(.text)
    SetSysClock                              0x080007ab   Thumb Code     8  system_stm32f10x.o(.text)
    .text                                    0x080008b4   Section        0  stepmotor.o(.text)
    TIMx_init_freq                           0x080008b5   Thumb Code   172  stepmotor.o(.text)
    StepMotor_EXTI_Init                      0x08000961   Thumb Code   126  stepmotor.o(.text)
    .text                                    0x080010b4   Section        0  key.o(.text)
    .text                                    0x080011e4   Section        0  led.o(.text)
    .text                                    0x0800124c   Section        0  mcwheel.o(.text)
    TIMx_init_freq                           0x0800124d   Thumb Code   172  mcwheel.o(.text)
    .text                                    0x080018a4   Section        0  function.o(.text)
    .text                                    0x08001a34   Section        0  usart-hmi.o(.text)
    .text                                    0x08001ba8   Section        0  uart4_openmv.o(.text)
    .text                                    0x08001db0   Section        0  delay.o(.text)
    .text                                    0x08001e9c   Section        0  usart.o(.text)
    .text                                    0x08001f5c   Section       64  startup_stm32f10x_hd.o(.text)
    .text                                    0x08001f9c   Section        0  misc.o(.text)
    .text                                    0x08002078   Section        0  stm32f10x_gpio.o(.text)
    .text                                    0x080023d4   Section        0  stm32f10x_rcc.o(.text)
    .text                                    0x08002778   Section        0  stm32f10x_tim.o(.text)
    TI4_Config                               0x08002c1f   Thumb Code   130  stm32f10x_tim.o(.text)
    TI3_Config                               0x08002cb3   Thumb Code   122  stm32f10x_tim.o(.text)
    TI2_Config                               0x08002d47   Thumb Code   130  stm32f10x_tim.o(.text)
    TI1_Config                               0x08002ddb   Thumb Code   108  stm32f10x_tim.o(.text)
    .text                                    0x08003594   Section        0  stm32f10x_usart.o(.text)
    .text                                    0x0800399c   Section        0  stm32f10x_exti.o(.text)
    .text                                    0x08003ab8   Section        2  use_no_semi_2.o(.text)
    .text                                    0x08003abc   Section        0  noretval__2printf.o(.text)
    .text                                    0x08003ad4   Section        0  noretval__2sprintf.o(.text)
    .text                                    0x08003afc   Section        0  _printf_str.o(.text)
    .text                                    0x08003b50   Section        0  _printf_dec.o(.text)
    .text                                    0x08003bc8   Section        0  __printf_flags.o(.text)
    .text                                    0x08003c5c   Section        0  heapauxi.o(.text)
    .text                                    0x08003c62   Section        2  use_no_semi.o(.text)
    .text                                    0x08003c64   Section        0  _printf_intcommon.o(.text)
    .text                                    0x08003d18   Section        0  _printf_char_common.o(.text)
    _printf_input_char                       0x08003d19   Thumb Code    10  _printf_char_common.o(.text)
    .text                                    0x08003d48   Section        0  _sputc.o(.text)
    .text                                    0x08003d52   Section        0  _printf_char.o(.text)
    .text                                    0x08003d80   Section        0  _printf_char_file.o(.text)
    .text                                    0x08003da4   Section        0  ferror.o(.text)
    .text                                    0x08003dac   Section       74  sys_stackheap_outer.o(.text)
    .text                                    0x08003df6   Section        0  exit.o(.text)
    .text                                    0x08003e08   Section        8  libspace.o(.text)
    x$fpl$d2f                                0x08003e10   Section       98  d2f.o(x$fpl$d2f)
    x$fpl$dadd                               0x08003e74   Section      336  daddsub_clz.o(x$fpl$dadd)
    _dadd1                                   0x08003e85   Thumb Code     0  daddsub_clz.o(x$fpl$dadd)
    x$fpl$ddiv                               0x08003fc4   Section      688  ddiv.o(x$fpl$ddiv)
    ddiv_entry                               0x08003fcb   Thumb Code     0  ddiv.o(x$fpl$ddiv)
    x$fpl$dfix                               0x08004274   Section       94  dfix.o(x$fpl$dfix)
    x$fpl$dfixu                              0x080042d4   Section       90  dfixu.o(x$fpl$dfixu)
    x$fpl$dflt                               0x0800432e   Section       46  dflt_clz.o(x$fpl$dflt)
    x$fpl$dfltu                              0x0800435c   Section       38  dflt_clz.o(x$fpl$dfltu)
    x$fpl$dmul                               0x08004384   Section      340  dmul.o(x$fpl$dmul)
    x$fpl$dnaninf                            0x080044d8   Section      156  dnaninf.o(x$fpl$dnaninf)
    x$fpl$dretinf                            0x08004574   Section       12  dretinf.o(x$fpl$dretinf)
    x$fpl$dsub                               0x08004580   Section      468  daddsub_clz.o(x$fpl$dsub)
    _dsub1                                   0x08004591   Thumb Code     0  daddsub_clz.o(x$fpl$dsub)
    x$fpl$f2d                                0x08004754   Section       86  f2d.o(x$fpl$f2d)
    x$fpl$fcmpinf                            0x080047aa   Section       24  fcmpi.o(x$fpl$fcmpinf)
    x$fpl$fflt                               0x080047c4   Section       48  fflt_clz.o(x$fpl$fflt)
    x$fpl$fleqf                              0x080047f4   Section      104  fleqf.o(x$fpl$fleqf)
    x$fpl$fmul                               0x0800485c   Section      258  fmul.o(x$fpl$fmul)
    x$fpl$fnaninf                            0x0800495e   Section      140  fnaninf.o(x$fpl$fnaninf)
    x$fpl$fretinf                            0x080049ea   Section       10  fretinf.o(x$fpl$fretinf)
    x$fpl$frleqf                             0x080049f4   Section       98  frleqf.o(x$fpl$frleqf)
    .constdata                               0x08004a56   Section       17  __printf_flags.o(.constdata)
    x$fpl$usenofp                            0x08004a56   Section        0  usenofp.o(x$fpl$usenofp)
    maptable                                 0x08004a56   Data          17  __printf_flags.o(.constdata)
    .data                                    0x20000000   Section       20  system_stm32f10x.o(.data)
    .data                                    0x20000014   Section       44  stepmotor.o(.data)
    .data                                    0x20000040   Section       48  mcwheel.o(.data)
    .data                                    0x20000070   Section       41  function.o(.data)
    .data                                    0x20000099   Section        4  usart-hmi.o(.data)
    .data                                    0x2000009d   Section       11  uart4_openmv.o(.data)
    .data                                    0x200000a8   Section        4  delay.o(.data)
    fac_us                                   0x200000a8   Data           1  delay.o(.data)
    fac_ms                                   0x200000aa   Data           2  delay.o(.data)
    .data                                    0x200000ac   Section        4  usart.o(.data)
    .data                                    0x200000b0   Section       20  stm32f10x_rcc.o(.data)
    APBAHBPrescTable                         0x200000b0   Data          16  stm32f10x_rcc.o(.data)
    ADCPrescTable                            0x200000c0   Data           4  stm32f10x_rcc.o(.data)
    .bss                                     0x200000c4   Section       16  function.o(.bss)
    .bss                                     0x200000d4   Section       96  libspace.o(.bss)
    HEAP                                     0x20000138   Section      512  startup_stm32f10x_hd.o(HEAP)
    Heap_Mem                                 0x20000138   Data         512  startup_stm32f10x_hd.o(HEAP)
    STACK                                    0x20000338   Section     1024  startup_stm32f10x_hd.o(STACK)
    Stack_Mem                                0x20000338   Data        1024  startup_stm32f10x_hd.o(STACK)
    __initial_sp                             0x20000738   Data           0  startup_stm32f10x_hd.o(STACK)

    Global Symbols

    Symbol Name                              Value     Ov Type        Size  Object(Section)

    BuildAttributes$$THM_ISAv4$P$D$K$B$S$PE$A:L22UL41UL21$X:L11$S22US41US21$IEEE1$IW$USESV6$~STKCKD$USESV7$~SHL$OSPACE$ROPI$EBA8$UX$STANDARDLIB$REQ8$PRES8$EABIv2 0x00000000   Number         0  anon$$obj.o ABSOLUTE
    __ARM_use_no_argv                        0x00000000   Number         0  main.o ABSOLUTE
    _printf_flags                            0x00000000   Number         0  printf_stubs.o ABSOLUTE
    _printf_return_value                     0x00000000   Number         0  printf_stubs.o ABSOLUTE
    _printf_sizespec                         0x00000000   Number         0  printf_stubs.o ABSOLUTE
    _printf_widthprec                        0x00000000   Number         0  printf_stubs.o ABSOLUTE
    __ARM_exceptions_init                     - Undefined Weak Reference
    __alloca_initialize                       - Undefined Weak Reference
    __arm_preinit_                            - Undefined Weak Reference
    __cpp_initialize__aeabi_                  - Undefined Weak Reference
    __cxa_finalize                            - Undefined Weak Reference
    __rt_locale                               - Undefined Weak Reference
    __sigvec_lookup                           - Undefined Weak Reference
    _atexit_init                              - Undefined Weak Reference
    _call_atexit_fns                          - Undefined Weak Reference
    _clock_init                               - Undefined Weak Reference
    _fp_trap_init                             - Undefined Weak Reference
    _fp_trap_shutdown                         - Undefined Weak Reference
    _get_lc_collate                           - Undefined Weak Reference
    _get_lc_ctype                             - Undefined Weak Reference
    _get_lc_monetary                          - Undefined Weak Reference
    _get_lc_numeric                           - Undefined Weak Reference
    _get_lc_time                              - Undefined Weak Reference
    _getenv_init                              - Undefined Weak Reference
    _handle_redirection                       - Undefined Weak Reference
    _init_alloc                               - Undefined Weak Reference
    _init_user_alloc                          - Undefined Weak Reference
    _initio                                   - Undefined Weak Reference
    _mutex_acquire                            - Undefined Weak Reference
    _mutex_release                            - Undefined Weak Reference
    _printf_mbtowc                            - Undefined Weak Reference
    _printf_post_padding                      - Undefined Weak Reference
    _printf_pre_padding                       - Undefined Weak Reference
    _printf_truncate_signed                   - Undefined Weak Reference
    _printf_truncate_unsigned                 - Undefined Weak Reference
    _rand_init                                - Undefined Weak Reference
    _signal_finish                            - Undefined Weak Reference
    _signal_init                              - Undefined Weak Reference
    _terminate_alloc                          - Undefined Weak Reference
    _terminate_user_alloc                     - Undefined Weak Reference
    _terminateio                              - Undefined Weak Reference
    __Vectors_Size                           0x00000130   Number         0  startup_stm32f10x_hd.o ABSOLUTE
    __Vectors                                0x08000000   Data           4  startup_stm32f10x_hd.o(RESET)
    __Vectors_End                            0x08000130   Data           0  startup_stm32f10x_hd.o(RESET)
    __main                                   0x08000131   Thumb Code     8  __main.o(!!!main)
    __scatterload                            0x08000139   Thumb Code     0  __scatter.o(!!!scatter)
    __scatterload_rt2                        0x08000139   Thumb Code    44  __scatter.o(!!!scatter)
    __scatterload_rt2_thumb_only             0x08000139   Thumb Code     0  __scatter.o(!!!scatter)
    __scatterload_null                       0x08000147   Thumb Code     0  __scatter.o(!!!scatter)
    __scatterload_copy                       0x0800016d   Thumb Code    26  __scatter_copy.o(!!handler_copy)
    __scatterload_zeroinit                   0x08000189   Thumb Code    28  __scatter_zi.o(!!handler_zi)
    _printf_d                                0x080001a5   Thumb Code     0  _printf_d.o(.ARM.Collect$$_printf_percent$$00000009)
    _printf_percent                          0x080001a5   Thumb Code     0  _printf_percent.o(.ARM.Collect$$_printf_percent$$00000000)
    _printf_s                                0x080001ab   Thumb Code     0  _printf_s.o(.ARM.Collect$$_printf_percent$$00000014)
    _printf_percent_end                      0x080001b1   Thumb Code     0  _printf_percent_end.o(.ARM.Collect$$_printf_percent$$00000017)
    __rt_lib_init                            0x080001b5   Thumb Code     0  libinit.o(.ARM.Collect$$libinit$$00000000)
    __rt_lib_init_alloca_1                   0x080001b7   Thumb Code     0  libinit2.o(.ARM.Collect$$libinit$$0000002E)
    __rt_lib_init_argv_1                     0x080001b7   Thumb Code     0  libinit2.o(.ARM.Collect$$libinit$$0000002C)
    __rt_lib_init_atexit_1                   0x080001b7   Thumb Code     0  libinit2.o(.ARM.Collect$$libinit$$0000001B)
    __rt_lib_init_clock_1                    0x080001b7   Thumb Code     0  libinit2.o(.ARM.Collect$$libinit$$00000021)
    __rt_lib_init_cpp_1                      0x080001b7   Thumb Code     0  libinit2.o(.ARM.Collect$$libinit$$00000032)
    __rt_lib_init_exceptions_1               0x080001b7   Thumb Code     0  libinit2.o(.ARM.Collect$$libinit$$00000030)
    __rt_lib_init_fp_1                       0x080001b7   Thumb Code     0  libinit2.o(.ARM.Collect$$libinit$$00000002)
    __rt_lib_init_fp_trap_1                  0x080001b7   Thumb Code     0  libinit2.o(.ARM.Collect$$libinit$$0000001F)
    __rt_lib_init_getenv_1                   0x080001b7   Thumb Code     0  libinit2.o(.ARM.Collect$$libinit$$00000023)
    __rt_lib_init_heap_1                     0x080001b7   Thumb Code     0  libinit2.o(.ARM.Collect$$libinit$$0000000A)
    __rt_lib_init_lc_collate_1               0x080001b7   Thumb Code     0  libinit2.o(.ARM.Collect$$libinit$$00000011)
    __rt_lib_init_lc_ctype_1                 0x080001b7   Thumb Code     0  libinit2.o(.ARM.Collect$$libinit$$00000013)
    __rt_lib_init_lc_monetary_1              0x080001b7   Thumb Code     0  libinit2.o(.ARM.Collect$$libinit$$00000015)
    __rt_lib_init_lc_numeric_1               0x080001b7   Thumb Code     0  libinit2.o(.ARM.Collect$$libinit$$00000017)
    __rt_lib_init_lc_time_1                  0x080001b7   Thumb Code     0  libinit2.o(.ARM.Collect$$libinit$$00000019)
    __rt_lib_init_preinit_1                  0x080001b7   Thumb Code     0  libinit2.o(.ARM.Collect$$libinit$$00000004)
    __rt_lib_init_rand_1                     0x080001b7   Thumb Code     0  libinit2.o(.ARM.Collect$$libinit$$0000000E)
    __rt_lib_init_return                     0x080001b7   Thumb Code     0  libinit2.o(.ARM.Collect$$libinit$$00000033)
    __rt_lib_init_signal_1                   0x080001b7   Thumb Code     0  libinit2.o(.ARM.Collect$$libinit$$0000001D)
    __rt_lib_init_stdio_1                    0x080001b7   Thumb Code     0  libinit2.o(.ARM.Collect$$libinit$$00000025)
    __rt_lib_init_user_alloc_1               0x080001b7   Thumb Code     0  libinit2.o(.ARM.Collect$$libinit$$0000000C)
    __rt_lib_shutdown                        0x080001b9   Thumb Code     0  libshutdown.o(.ARM.Collect$$libshutdown$$00000000)
    __rt_lib_shutdown_cpp_1                  0x080001bb   Thumb Code     0  libshutdown2.o(.ARM.Collect$$libshutdown$$00000002)
    __rt_lib_shutdown_fp_trap_1              0x080001bb   Thumb Code     0  libshutdown2.o(.ARM.Collect$$libshutdown$$00000007)
    __rt_lib_shutdown_heap_1                 0x080001bb   Thumb Code     0  libshutdown2.o(.ARM.Collect$$libshutdown$$0000000F)
    __rt_lib_shutdown_return                 0x080001bb   Thumb Code     0  libshutdown2.o(.ARM.Collect$$libshutdown$$00000010)
    __rt_lib_shutdown_signal_1               0x080001bb   Thumb Code     0  libshutdown2.o(.ARM.Collect$$libshutdown$$0000000A)
    __rt_lib_shutdown_stdio_1                0x080001bb   Thumb Code     0  libshutdown2.o(.ARM.Collect$$libshutdown$$00000004)
    __rt_lib_shutdown_user_alloc_1           0x080001bb   Thumb Code     0  libshutdown2.o(.ARM.Collect$$libshutdown$$0000000C)
    __rt_entry                               0x080001bd   Thumb Code     0  __rtentry.o(.ARM.Collect$$rtentry$$00000000)
    __rt_entry_presh_1                       0x080001bd   Thumb Code     0  __rtentry2.o(.ARM.Collect$$rtentry$$00000002)
    __rt_entry_sh                            0x080001bd   Thumb Code     0  __rtentry4.o(.ARM.Collect$$rtentry$$00000004)
    __rt_entry_li                            0x080001c3   Thumb Code     0  __rtentry2.o(.ARM.Collect$$rtentry$$0000000A)
    __rt_entry_postsh_1                      0x080001c3   Thumb Code     0  __rtentry2.o(.ARM.Collect$$rtentry$$00000009)
    __rt_entry_main                          0x080001c7   Thumb Code     0  __rtentry2.o(.ARM.Collect$$rtentry$$0000000D)
    __rt_entry_postli_1                      0x080001c7   Thumb Code     0  __rtentry2.o(.ARM.Collect$$rtentry$$0000000C)
    __rt_exit                                0x080001cf   Thumb Code     0  rtexit.o(.ARM.Collect$$rtexit$$00000000)
    __rt_exit_ls                             0x080001d1   Thumb Code     0  rtexit2.o(.ARM.Collect$$rtexit$$00000003)
    __rt_exit_prels_1                        0x080001d1   Thumb Code     0  rtexit2.o(.ARM.Collect$$rtexit$$00000002)
    __rt_exit_exit                           0x080001d5   Thumb Code     0  rtexit2.o(.ARM.Collect$$rtexit$$00000004)
    main                                     0x080001dd   Thumb Code  1222  main.o(.text)
    NMI_Handler                              0x080006b9   Thumb Code     2  stm32f10x_it.o(.text)
    HardFault_Handler                        0x080006bb   Thumb Code     4  stm32f10x_it.o(.text)
    MemManage_Handler                        0x080006bf   Thumb Code     4  stm32f10x_it.o(.text)
    BusFault_Handler                         0x080006c3   Thumb Code     4  stm32f10x_it.o(.text)
    UsageFault_Handler                       0x080006c7   Thumb Code     4  stm32f10x_it.o(.text)
    SVC_Handler                              0x080006cb   Thumb Code     2  stm32f10x_it.o(.text)
    DebugMon_Handler                         0x080006cd   Thumb Code     2  stm32f10x_it.o(.text)
    PendSV_Handler                           0x080006cf   Thumb Code     2  stm32f10x_it.o(.text)
    SysTick_Handler                          0x080006d1   Thumb Code     2  stm32f10x_it.o(.text)
    SystemInit                               0x080007b3   Thumb Code    78  system_stm32f10x.o(.text)
    SystemCoreClockUpdate                    0x08000801   Thumb Code   142  system_stm32f10x.o(.text)
    StepMotor_pulse_is_end                   0x080009df   Thumb Code    56  stepmotor.o(.text)
    StepMotor_start                          0x08000a17   Thumb Code   104  stepmotor.o(.text)
    StepMotor_generate_pulse                 0x08000a7f   Thumb Code   110  stepmotor.o(.text)
    StepMotor_stop                           0x08000aed   Thumb Code    78  stepmotor.o(.text)
    EXTI9_5_IRQHandler                       0x08000b3b   Thumb Code   178  stepmotor.o(.text)
    StepMotor_init                           0x08000bed   Thumb Code   410  stepmotor.o(.text)
    TIM8_CC_IRQHandler                       0x08000d87   Thumb Code   206  stepmotor.o(.text)
    StepMotor_set_pulse_num                  0x08000e55   Thumb Code    68  stepmotor.o(.text)
    StepMotor_set_pulse_freq                 0x08000e99   Thumb Code   156  stepmotor.o(.text)
    StepMotor_generate_freq_pulse            0x08000f35   Thumb Code    32  stepmotor.o(.text)
    StepMotor_reset                          0x08000f55   Thumb Code    74  stepmotor.o(.text)
    StepMotor_move_pos                       0x08000f9f   Thumb Code   172  stepmotor.o(.text)
    StepMotor_clear_pos                      0x0800104b   Thumb Code    24  stepmotor.o(.text)
    Key_init                                 0x080010b5   Thumb Code   104  key.o(.text)
    Key_PC13_Init                            0x0800111d   Thumb Code    34  key.o(.text)
    EXTI15_10_IRQHandler                     0x0800113f   Thumb Code   140  key.o(.text)
    led_init                                 0x080011e5   Thumb Code    38  led.o(.text)
    LED_init                                 0x0800120b   Thumb Code    44  led.o(.text)
    led_ctrl                                 0x08001237   Thumb Code     6  led.o(.text)
    McWheel_Init                             0x080012f9   Thumb Code   482  mcwheel.o(.text)
    TIM2_IRQHandler                          0x080014db   Thumb Code    80  mcwheel.o(.text)
    TIM3_IRQHandler                          0x0800152b   Thumb Code    78  mcwheel.o(.text)
    TIM4_IRQHandler                          0x08001579   Thumb Code    78  mcwheel.o(.text)
    TIM5_IRQHandler                          0x080015c7   Thumb Code    78  mcwheel.o(.text)
    McWheel_set_pulse_freq                   0x08001615   Thumb Code   230  mcwheel.o(.text)
    McWheel_set_pulse_num                    0x080016fb   Thumb Code   152  mcwheel.o(.text)
    McWheel_pulse_is_end                     0x08001793   Thumb Code   100  mcwheel.o(.text)
    McWheel_SetHL                            0x080017f7   Thumb Code    22  mcwheel.o(.text)
    McWheel_SetOF                            0x0800180d   Thumb Code    76  mcwheel.o(.text)
    Stpmotor_freq_num                        0x08001859   Thumb Code    26  mcwheel.o(.text)
    PlacePID_Control                         0x080018a5   Thumb Code   326  function.o(.text)
    range_protect                            0x080019eb   Thumb Code    22  function.o(.text)
    my_abs                                   0x08001a01   Thumb Code    14  function.o(.text)
    PID_Parameter_Init                       0x08001a0f   Thumb Code    12  function.o(.text)
    uart3_init                               0x08001a35   Thumb Code   158  usart-hmi.o(.text)
    HMISends                                 0x08001ad3   Thumb Code    44  usart-hmi.o(.text)
    HMI_Sendb3times                          0x08001aff   Thumb Code    48  usart-hmi.o(.text)
    HMISendstart                             0x08001b2f   Thumb Code    22  usart-hmi.o(.text)
    USART3_IRQHandler                        0x08001b45   Thumb Code    72  usart-hmi.o(.text)
    TestMode_Flag_Init                       0x08001b8d   Thumb Code    10  usart-hmi.o(.text)
    UART4_OPENMV_Init                        0x08001ba9   Thumb Code   160  uart4_openmv.o(.text)
    UART4_IRQHandler                         0x08001c49   Thumb Code   146  uart4_openmv.o(.text)
    Send_OpenMV_Cmd                          0x08001cdb   Thumb Code    54  uart4_openmv.o(.text)
    Decode_UART_xdata                        0x08001d11   Thumb Code    58  uart4_openmv.o(.text)
    Decode_UART_ydata                        0x08001d4b   Thumb Code    58  uart4_openmv.o(.text)
    Delay_init                               0x08001db1   Thumb Code    50  delay.o(.text)
    Delay_us                                 0x08001de3   Thumb Code    72  delay.o(.text)
    Delay_ms                                 0x08001e2b   Thumb Code    72  delay.o(.text)
    Delay_s                                  0x08001e73   Thumb Code    26  delay.o(.text)
    _sys_exit                                0x08001e9d   Thumb Code     4  usart.o(.text)
    fputc                                    0x08001ea1   Thumb Code    24  usart.o(.text)
    uart_init                                0x08001eb9   Thumb Code   156  usart.o(.text)
    Reset_Handler                            0x08001f5d   Thumb Code     8  startup_stm32f10x_hd.o(.text)
    ADC1_2_IRQHandler                        0x08001f77   Thumb Code     0  startup_stm32f10x_hd.o(.text)
    ADC3_IRQHandler                          0x08001f77   Thumb Code     0  startup_stm32f10x_hd.o(.text)
    CAN1_RX1_IRQHandler                      0x08001f77   Thumb Code     0  startup_stm32f10x_hd.o(.text)
    CAN1_SCE_IRQHandler                      0x08001f77   Thumb Code     0  startup_stm32f10x_hd.o(.text)
    DMA1_Channel1_IRQHandler                 0x08001f77   Thumb Code     0  startup_stm32f10x_hd.o(.text)
    DMA1_Channel2_IRQHandler                 0x08001f77   Thumb Code     0  startup_stm32f10x_hd.o(.text)
    DMA1_Channel3_IRQHandler                 0x08001f77   Thumb Code     0  startup_stm32f10x_hd.o(.text)
    DMA1_Channel4_IRQHandler                 0x08001f77   Thumb Code     0  startup_stm32f10x_hd.o(.text)
    DMA1_Channel5_IRQHandler                 0x08001f77   Thumb Code     0  startup_stm32f10x_hd.o(.text)
    DMA1_Channel6_IRQHandler                 0x08001f77   Thumb Code     0  startup_stm32f10x_hd.o(.text)
    DMA1_Channel7_IRQHandler                 0x08001f77   Thumb Code     0  startup_stm32f10x_hd.o(.text)
    DMA2_Channel1_IRQHandler                 0x08001f77   Thumb Code     0  startup_stm32f10x_hd.o(.text)
    DMA2_Channel2_IRQHandler                 0x08001f77   Thumb Code     0  startup_stm32f10x_hd.o(.text)
    DMA2_Channel3_IRQHandler                 0x08001f77   Thumb Code     0  startup_stm32f10x_hd.o(.text)
    DMA2_Channel4_5_IRQHandler               0x08001f77   Thumb Code     0  startup_stm32f10x_hd.o(.text)
    EXTI0_IRQHandler                         0x08001f77   Thumb Code     0  startup_stm32f10x_hd.o(.text)
    EXTI1_IRQHandler                         0x08001f77   Thumb Code     0  startup_stm32f10x_hd.o(.text)
    EXTI2_IRQHandler                         0x08001f77   Thumb Code     0  startup_stm32f10x_hd.o(.text)
    EXTI3_IRQHandler                         0x08001f77   Thumb Code     0  startup_stm32f10x_hd.o(.text)
    EXTI4_IRQHandler                         0x08001f77   Thumb Code     0  startup_stm32f10x_hd.o(.text)
    FLASH_IRQHandler                         0x08001f77   Thumb Code     0  startup_stm32f10x_hd.o(.text)
    FSMC_IRQHandler                          0x08001f77   Thumb Code     0  startup_stm32f10x_hd.o(.text)
    I2C1_ER_IRQHandler                       0x08001f77   Thumb Code     0  startup_stm32f10x_hd.o(.text)
    I2C1_EV_IRQHandler                       0x08001f77   Thumb Code     0  startup_stm32f10x_hd.o(.text)
    I2C2_ER_IRQHandler                       0x08001f77   Thumb Code     0  startup_stm32f10x_hd.o(.text)
    I2C2_EV_IRQHandler                       0x08001f77   Thumb Code     0  startup_stm32f10x_hd.o(.text)
    PVD_IRQHandler                           0x08001f77   Thumb Code     0  startup_stm32f10x_hd.o(.text)
    RCC_IRQHandler                           0x08001f77   Thumb Code     0  startup_stm32f10x_hd.o(.text)
    RTCAlarm_IRQHandler                      0x08001f77   Thumb Code     0  startup_stm32f10x_hd.o(.text)
    RTC_IRQHandler                           0x08001f77   Thumb Code     0  startup_stm32f10x_hd.o(.text)
    SDIO_IRQHandler                          0x08001f77   Thumb Code     0  startup_stm32f10x_hd.o(.text)
    SPI1_IRQHandler                          0x08001f77   Thumb Code     0  startup_stm32f10x_hd.o(.text)
    SPI2_IRQHandler                          0x08001f77   Thumb Code     0  startup_stm32f10x_hd.o(.text)
    SPI3_IRQHandler                          0x08001f77   Thumb Code     0  startup_stm32f10x_hd.o(.text)
    TAMPER_IRQHandler                        0x08001f77   Thumb Code     0  startup_stm32f10x_hd.o(.text)
    TIM1_BRK_IRQHandler                      0x08001f77   Thumb Code     0  startup_stm32f10x_hd.o(.text)
    TIM1_CC_IRQHandler                       0x08001f77   Thumb Code     0  startup_stm32f10x_hd.o(.text)
    TIM1_TRG_COM_IRQHandler                  0x08001f77   Thumb Code     0  startup_stm32f10x_hd.o(.text)
    TIM1_UP_IRQHandler                       0x08001f77   Thumb Code     0  startup_stm32f10x_hd.o(.text)
    TIM6_IRQHandler                          0x08001f77   Thumb Code     0  startup_stm32f10x_hd.o(.text)
    TIM7_IRQHandler                          0x08001f77   Thumb Code     0  startup_stm32f10x_hd.o(.text)
    TIM8_BRK_IRQHandler                      0x08001f77   Thumb Code     0  startup_stm32f10x_hd.o(.text)
    TIM8_TRG_COM_IRQHandler                  0x08001f77   Thumb Code     0  startup_stm32f10x_hd.o(.text)
    TIM8_UP_IRQHandler                       0x08001f77   Thumb Code     0  startup_stm32f10x_hd.o(.text)
    UART5_IRQHandler                         0x08001f77   Thumb Code     0  startup_stm32f10x_hd.o(.text)
    USART1_IRQHandler                        0x08001f77   Thumb Code     0  startup_stm32f10x_hd.o(.text)
    USART2_IRQHandler                        0x08001f77   Thumb Code     0  startup_stm32f10x_hd.o(.text)
    USBWakeUp_IRQHandler                     0x08001f77   Thumb Code     0  startup_stm32f10x_hd.o(.text)
    USB_HP_CAN1_TX_IRQHandler                0x08001f77   Thumb Code     0  startup_stm32f10x_hd.o(.text)
    USB_LP_CAN1_RX0_IRQHandler               0x08001f77   Thumb Code     0  startup_stm32f10x_hd.o(.text)
    WWDG_IRQHandler                          0x08001f77   Thumb Code     0  startup_stm32f10x_hd.o(.text)
    __user_initial_stackheap                 0x08001f79   Thumb Code     0  startup_stm32f10x_hd.o(.text)
    NVIC_PriorityGroupConfig                 0x08001f9d   Thumb Code    10  misc.o(.text)
    NVIC_Init                                0x08001fa7   Thumb Code   100  misc.o(.text)
    NVIC_SetVectorTable                      0x0800200b   Thumb Code    14  misc.o(.text)
    NVIC_SystemLPConfig                      0x08002019   Thumb Code    34  misc.o(.text)
    SysTick_CLKSourceConfig                  0x0800203b   Thumb Code    40  misc.o(.text)
    GPIO_DeInit                              0x08002079   Thumb Code   172  stm32f10x_gpio.o(.text)
    GPIO_AFIODeInit                          0x08002125   Thumb Code    20  stm32f10x_gpio.o(.text)
    GPIO_Init                                0x08002139   Thumb Code   278  stm32f10x_gpio.o(.text)
    GPIO_StructInit                          0x0800224f   Thumb Code    16  stm32f10x_gpio.o(.text)
    GPIO_ReadInputDataBit                    0x0800225f   Thumb Code    18  stm32f10x_gpio.o(.text)
    GPIO_ReadInputData                       0x08002271   Thumb Code     8  stm32f10x_gpio.o(.text)
    GPIO_ReadOutputDataBit                   0x08002279   Thumb Code    18  stm32f10x_gpio.o(.text)
    GPIO_ReadOutputData                      0x0800228b   Thumb Code     8  stm32f10x_gpio.o(.text)
    GPIO_SetBits                             0x08002293   Thumb Code     4  stm32f10x_gpio.o(.text)
    GPIO_ResetBits                           0x08002297   Thumb Code     4  stm32f10x_gpio.o(.text)
    GPIO_WriteBit                            0x0800229b   Thumb Code    10  stm32f10x_gpio.o(.text)
    GPIO_Write                               0x080022a5   Thumb Code     4  stm32f10x_gpio.o(.text)
    GPIO_PinLockConfig                       0x080022a9   Thumb Code    18  stm32f10x_gpio.o(.text)
    GPIO_EventOutputConfig                   0x080022bb   Thumb Code    26  stm32f10x_gpio.o(.text)
    GPIO_EventOutputCmd                      0x080022d5   Thumb Code     6  stm32f10x_gpio.o(.text)
    GPIO_PinRemapConfig                      0x080022db   Thumb Code   138  stm32f10x_gpio.o(.text)
    GPIO_EXTILineConfig                      0x08002365   Thumb Code    66  stm32f10x_gpio.o(.text)
    GPIO_ETH_MediaInterfaceConfig            0x080023a7   Thumb Code     8  stm32f10x_gpio.o(.text)
    RCC_DeInit                               0x080023d5   Thumb Code    64  stm32f10x_rcc.o(.text)
    RCC_HSEConfig                            0x08002415   Thumb Code    70  stm32f10x_rcc.o(.text)
    RCC_GetFlagStatus                        0x0800245b   Thumb Code    56  stm32f10x_rcc.o(.text)
    RCC_WaitForHSEStartUp                    0x08002493   Thumb Code    56  stm32f10x_rcc.o(.text)
    RCC_AdjustHSICalibrationValue            0x080024cb   Thumb Code    20  stm32f10x_rcc.o(.text)
    RCC_HSICmd                               0x080024df   Thumb Code     6  stm32f10x_rcc.o(.text)
    RCC_PLLConfig                            0x080024e5   Thumb Code    24  stm32f10x_rcc.o(.text)
    RCC_PLLCmd                               0x080024fd   Thumb Code     6  stm32f10x_rcc.o(.text)
    RCC_SYSCLKConfig                         0x08002503   Thumb Code    18  stm32f10x_rcc.o(.text)
    RCC_GetSYSCLKSource                      0x08002515   Thumb Code    10  stm32f10x_rcc.o(.text)
    RCC_HCLKConfig                           0x0800251f   Thumb Code    18  stm32f10x_rcc.o(.text)
    RCC_PCLK1Config                          0x08002531   Thumb Code    18  stm32f10x_rcc.o(.text)
    RCC_PCLK2Config                          0x08002543   Thumb Code    20  stm32f10x_rcc.o(.text)
    RCC_ITConfig                             0x08002557   Thumb Code    26  stm32f10x_rcc.o(.text)
    RCC_USBCLKConfig                         0x08002571   Thumb Code     8  stm32f10x_rcc.o(.text)
    RCC_ADCCLKConfig                         0x08002579   Thumb Code    18  stm32f10x_rcc.o(.text)
    RCC_LSEConfig                            0x0800258b   Thumb Code    50  stm32f10x_rcc.o(.text)
    RCC_LSICmd                               0x080025bd   Thumb Code     6  stm32f10x_rcc.o(.text)
    RCC_RTCCLKConfig                         0x080025c3   Thumb Code    12  stm32f10x_rcc.o(.text)
    RCC_RTCCLKCmd                            0x080025cf   Thumb Code     8  stm32f10x_rcc.o(.text)
    RCC_GetClocksFreq                        0x080025d7   Thumb Code   192  stm32f10x_rcc.o(.text)
    RCC_AHBPeriphClockCmd                    0x08002697   Thumb Code    26  stm32f10x_rcc.o(.text)
    RCC_APB2PeriphClockCmd                   0x080026b1   Thumb Code    26  stm32f10x_rcc.o(.text)
    RCC_APB1PeriphClockCmd                   0x080026cb   Thumb Code    26  stm32f10x_rcc.o(.text)
    RCC_APB2PeriphResetCmd                   0x080026e5   Thumb Code    26  stm32f10x_rcc.o(.text)
    RCC_APB1PeriphResetCmd                   0x080026ff   Thumb Code    26  stm32f10x_rcc.o(.text)
    RCC_BackupResetCmd                       0x08002719   Thumb Code     8  stm32f10x_rcc.o(.text)
    RCC_ClockSecuritySystemCmd               0x08002721   Thumb Code     6  stm32f10x_rcc.o(.text)
    RCC_MCOConfig                            0x08002727   Thumb Code     6  stm32f10x_rcc.o(.text)
    RCC_ClearFlag                            0x0800272d   Thumb Code    14  stm32f10x_rcc.o(.text)
    RCC_GetITStatus                          0x0800273b   Thumb Code    20  stm32f10x_rcc.o(.text)
    RCC_ClearITPendingBit                    0x0800274f   Thumb Code     6  stm32f10x_rcc.o(.text)
    TIM_DeInit                               0x08002779   Thumb Code   424  stm32f10x_tim.o(.text)
    TIM_TimeBaseInit                         0x08002921   Thumb Code   122  stm32f10x_tim.o(.text)
    TIM_OC1Init                              0x0800299b   Thumb Code   132  stm32f10x_tim.o(.text)
    TIM_OC2Init                              0x08002a1f   Thumb Code   154  stm32f10x_tim.o(.text)
    TIM_OC3Init                              0x08002ab9   Thumb Code   150  stm32f10x_tim.o(.text)
    TIM_OC4Init                              0x08002b4f   Thumb Code   182  stm32f10x_tim.o(.text)
    TIM_SetIC4Prescaler                      0x08002c05   Thumb Code    26  stm32f10x_tim.o(.text)
    TIM_SetIC3Prescaler                      0x08002ca1   Thumb Code    18  stm32f10x_tim.o(.text)
    TIM_SetIC2Prescaler                      0x08002d2d   Thumb Code    26  stm32f10x_tim.o(.text)
    TIM_SetIC1Prescaler                      0x08002dc9   Thumb Code    18  stm32f10x_tim.o(.text)
    TIM_ICInit                               0x08002e47   Thumb Code   150  stm32f10x_tim.o(.text)
    TIM_PWMIConfig                           0x08002edd   Thumb Code   124  stm32f10x_tim.o(.text)
    TIM_BDTRConfig                           0x08002f59   Thumb Code    32  stm32f10x_tim.o(.text)
    TIM_TimeBaseStructInit                   0x08002f79   Thumb Code    18  stm32f10x_tim.o(.text)
    TIM_OCStructInit                         0x08002f8b   Thumb Code    20  stm32f10x_tim.o(.text)
    TIM_ICStructInit                         0x08002f9f   Thumb Code    18  stm32f10x_tim.o(.text)
    TIM_BDTRStructInit                       0x08002fb1   Thumb Code    40  stm32f10x_tim.o(.text)
    TIM_Cmd                                  0x08002fd9   Thumb Code    24  stm32f10x_tim.o(.text)
    TIM_CtrlPWMOutputs                       0x08002ff1   Thumb Code    30  stm32f10x_tim.o(.text)
    TIM_ITConfig                             0x0800300f   Thumb Code    18  stm32f10x_tim.o(.text)
    TIM_GenerateEvent                        0x08003021   Thumb Code     4  stm32f10x_tim.o(.text)
    TIM_DMAConfig                            0x08003025   Thumb Code    10  stm32f10x_tim.o(.text)
    TIM_DMACmd                               0x0800302f   Thumb Code    18  stm32f10x_tim.o(.text)
    TIM_InternalClockConfig                  0x08003041   Thumb Code    12  stm32f10x_tim.o(.text)
    TIM_SelectInputTrigger                   0x0800304d   Thumb Code    18  stm32f10x_tim.o(.text)
    TIM_ITRxExternalClockConfig              0x0800305f   Thumb Code    24  stm32f10x_tim.o(.text)
    TIM_TIxExternalClockConfig               0x08003077   Thumb Code    62  stm32f10x_tim.o(.text)
    TIM_ETRConfig                            0x080030b5   Thumb Code    28  stm32f10x_tim.o(.text)
    TIM_ETRClockMode1Config                  0x080030d1   Thumb Code    54  stm32f10x_tim.o(.text)
    TIM_ETRClockMode2Config                  0x08003107   Thumb Code    32  stm32f10x_tim.o(.text)
    TIM_PrescalerConfig                      0x08003127   Thumb Code     6  stm32f10x_tim.o(.text)
    TIM_CounterModeConfig                    0x0800312d   Thumb Code    18  stm32f10x_tim.o(.text)
    TIM_EncoderInterfaceConfig               0x0800313f   Thumb Code    66  stm32f10x_tim.o(.text)
    TIM_ForcedOC1Config                      0x08003181   Thumb Code    18  stm32f10x_tim.o(.text)
    TIM_ForcedOC2Config                      0x08003193   Thumb Code    26  stm32f10x_tim.o(.text)
    TIM_ForcedOC3Config                      0x080031ad   Thumb Code    18  stm32f10x_tim.o(.text)
    TIM_ForcedOC4Config                      0x080031bf   Thumb Code    26  stm32f10x_tim.o(.text)
    TIM_ARRPreloadConfig                     0x080031d9   Thumb Code    24  stm32f10x_tim.o(.text)
    TIM_SelectCOM                            0x080031f1   Thumb Code    24  stm32f10x_tim.o(.text)
    TIM_SelectCCDMA                          0x08003209   Thumb Code    24  stm32f10x_tim.o(.text)
    TIM_CCPreloadControl                     0x08003221   Thumb Code    24  stm32f10x_tim.o(.text)
    TIM_OC1PreloadConfig                     0x08003239   Thumb Code    18  stm32f10x_tim.o(.text)
    TIM_OC2PreloadConfig                     0x0800324b   Thumb Code    26  stm32f10x_tim.o(.text)
    TIM_OC3PreloadConfig                     0x08003265   Thumb Code    18  stm32f10x_tim.o(.text)
    TIM_OC4PreloadConfig                     0x08003277   Thumb Code    26  stm32f10x_tim.o(.text)
    TIM_OC1FastConfig                        0x08003291   Thumb Code    18  stm32f10x_tim.o(.text)
    TIM_OC2FastConfig                        0x080032a3   Thumb Code    26  stm32f10x_tim.o(.text)
    TIM_OC3FastConfig                        0x080032bd   Thumb Code    18  stm32f10x_tim.o(.text)
    TIM_OC4FastConfig                        0x080032cf   Thumb Code    26  stm32f10x_tim.o(.text)
    TIM_ClearOC1Ref                          0x080032e9   Thumb Code    18  stm32f10x_tim.o(.text)
    TIM_ClearOC2Ref                          0x080032fb   Thumb Code    24  stm32f10x_tim.o(.text)
    TIM_ClearOC3Ref                          0x08003313   Thumb Code    18  stm32f10x_tim.o(.text)
    TIM_ClearOC4Ref                          0x08003325   Thumb Code    24  stm32f10x_tim.o(.text)
    TIM_OC1PolarityConfig                    0x0800333d   Thumb Code    18  stm32f10x_tim.o(.text)
    TIM_OC1NPolarityConfig                   0x0800334f   Thumb Code    18  stm32f10x_tim.o(.text)
    TIM_OC2PolarityConfig                    0x08003361   Thumb Code    26  stm32f10x_tim.o(.text)
    TIM_OC2NPolarityConfig                   0x0800337b   Thumb Code    26  stm32f10x_tim.o(.text)
    TIM_OC3PolarityConfig                    0x08003395   Thumb Code    26  stm32f10x_tim.o(.text)
    TIM_OC3NPolarityConfig                   0x080033af   Thumb Code    26  stm32f10x_tim.o(.text)
    TIM_OC4PolarityConfig                    0x080033c9   Thumb Code    26  stm32f10x_tim.o(.text)
    TIM_CCxCmd                               0x080033e3   Thumb Code    30  stm32f10x_tim.o(.text)
    TIM_CCxNCmd                              0x08003401   Thumb Code    30  stm32f10x_tim.o(.text)
    TIM_SelectOCxM                           0x0800341f   Thumb Code    82  stm32f10x_tim.o(.text)
    TIM_UpdateDisableConfig                  0x08003471   Thumb Code    24  stm32f10x_tim.o(.text)
    TIM_UpdateRequestConfig                  0x08003489   Thumb Code    24  stm32f10x_tim.o(.text)
    TIM_SelectHallSensor                     0x080034a1   Thumb Code    24  stm32f10x_tim.o(.text)
    TIM_SelectOnePulseMode                   0x080034b9   Thumb Code    18  stm32f10x_tim.o(.text)
    TIM_SelectOutputTrigger                  0x080034cb   Thumb Code    18  stm32f10x_tim.o(.text)
    TIM_SelectSlaveMode                      0x080034dd   Thumb Code    18  stm32f10x_tim.o(.text)
    TIM_SelectMasterSlaveMode                0x080034ef   Thumb Code    18  stm32f10x_tim.o(.text)
    TIM_SetCounter                           0x08003501   Thumb Code     4  stm32f10x_tim.o(.text)
    TIM_SetAutoreload                        0x08003505   Thumb Code     4  stm32f10x_tim.o(.text)
    TIM_SetCompare1                          0x08003509   Thumb Code     4  stm32f10x_tim.o(.text)
    TIM_SetCompare2                          0x0800350d   Thumb Code     4  stm32f10x_tim.o(.text)
    TIM_SetCompare3                          0x08003511   Thumb Code     4  stm32f10x_tim.o(.text)
    TIM_SetCompare4                          0x08003515   Thumb Code     6  stm32f10x_tim.o(.text)
    TIM_SetClockDivision                     0x0800351b   Thumb Code    18  stm32f10x_tim.o(.text)
    TIM_GetCapture1                          0x0800352d   Thumb Code     6  stm32f10x_tim.o(.text)
    TIM_GetCapture2                          0x08003533   Thumb Code     6  stm32f10x_tim.o(.text)
    TIM_GetCapture3                          0x08003539   Thumb Code     6  stm32f10x_tim.o(.text)
    TIM_GetCapture4                          0x0800353f   Thumb Code     8  stm32f10x_tim.o(.text)
    TIM_GetCounter                           0x08003547   Thumb Code     6  stm32f10x_tim.o(.text)
    TIM_GetPrescaler                         0x0800354d   Thumb Code     6  stm32f10x_tim.o(.text)
    TIM_GetFlagStatus                        0x08003553   Thumb Code    18  stm32f10x_tim.o(.text)
    TIM_ClearFlag                            0x08003565   Thumb Code     6  stm32f10x_tim.o(.text)
    TIM_GetITStatus                          0x0800356b   Thumb Code    34  stm32f10x_tim.o(.text)
    TIM_ClearITPendingBit                    0x0800358d   Thumb Code     6  stm32f10x_tim.o(.text)
    USART_DeInit                             0x08003595   Thumb Code   134  stm32f10x_usart.o(.text)
    USART_Init                               0x0800361b   Thumb Code   210  stm32f10x_usart.o(.text)
    USART_StructInit                         0x080036ed   Thumb Code    24  stm32f10x_usart.o(.text)
    USART_ClockInit                          0x08003705   Thumb Code    34  stm32f10x_usart.o(.text)
    USART_ClockStructInit                    0x08003727   Thumb Code    12  stm32f10x_usart.o(.text)
    USART_Cmd                                0x08003733   Thumb Code    24  stm32f10x_usart.o(.text)
    USART_ITConfig                           0x0800374b   Thumb Code    74  stm32f10x_usart.o(.text)
    USART_DMACmd                             0x08003795   Thumb Code    18  stm32f10x_usart.o(.text)
    USART_SetAddress                         0x080037a7   Thumb Code    18  stm32f10x_usart.o(.text)
    USART_WakeUpConfig                       0x080037b9   Thumb Code    18  stm32f10x_usart.o(.text)
    USART_ReceiverWakeUpCmd                  0x080037cb   Thumb Code    24  stm32f10x_usart.o(.text)
    USART_LINBreakDetectLengthConfig         0x080037e3   Thumb Code    18  stm32f10x_usart.o(.text)
    USART_LINCmd                             0x080037f5   Thumb Code    24  stm32f10x_usart.o(.text)
    USART_SendData                           0x0800380d   Thumb Code     8  stm32f10x_usart.o(.text)
    USART_ReceiveData                        0x08003815   Thumb Code    10  stm32f10x_usart.o(.text)
    USART_SendBreak                          0x0800381f   Thumb Code    10  stm32f10x_usart.o(.text)
    USART_SetGuardTime                       0x08003829   Thumb Code    16  stm32f10x_usart.o(.text)
    USART_SetPrescaler                       0x08003839   Thumb Code    16  stm32f10x_usart.o(.text)
    USART_SmartCardCmd                       0x08003849   Thumb Code    24  stm32f10x_usart.o(.text)
    USART_SmartCardNACKCmd                   0x08003861   Thumb Code    24  stm32f10x_usart.o(.text)
    USART_HalfDuplexCmd                      0x08003879   Thumb Code    24  stm32f10x_usart.o(.text)
    USART_OverSampling8Cmd                   0x08003891   Thumb Code    22  stm32f10x_usart.o(.text)
    USART_OneBitMethodCmd                    0x080038a7   Thumb Code    24  stm32f10x_usart.o(.text)
    USART_IrDAConfig                         0x080038bf   Thumb Code    18  stm32f10x_usart.o(.text)
    USART_IrDACmd                            0x080038d1   Thumb Code    24  stm32f10x_usart.o(.text)
    USART_GetFlagStatus                      0x080038e9   Thumb Code    26  stm32f10x_usart.o(.text)
    USART_ClearFlag                          0x08003903   Thumb Code    18  stm32f10x_usart.o(.text)
    USART_GetITStatus                        0x08003915   Thumb Code    84  stm32f10x_usart.o(.text)
    USART_ClearITPendingBit                  0x08003969   Thumb Code    52  stm32f10x_usart.o(.text)
    EXTI_DeInit                              0x0800399d   Thumb Code    28  stm32f10x_exti.o(.text)
    EXTI_Init                                0x080039b9   Thumb Code   142  stm32f10x_exti.o(.text)
    EXTI_StructInit                          0x08003a47   Thumb Code    16  stm32f10x_exti.o(.text)
    EXTI_GenerateSWInterrupt                 0x08003a57   Thumb Code    16  stm32f10x_exti.o(.text)
    EXTI_GetFlagStatus                       0x08003a67   Thumb Code    22  stm32f10x_exti.o(.text)
    EXTI_ClearFlag                           0x08003a7d   Thumb Code     8  stm32f10x_exti.o(.text)
    EXTI_GetITStatus                         0x08003a85   Thumb Code    34  stm32f10x_exti.o(.text)
    EXTI_ClearITPendingBit                   0x08003aa7   Thumb Code     8  stm32f10x_exti.o(.text)
    __use_no_semihosting                     0x08003ab9   Thumb Code     2  use_no_semi_2.o(.text)
    __2printf                                0x08003abd   Thumb Code    20  noretval__2printf.o(.text)
    __2sprintf                               0x08003ad5   Thumb Code    34  noretval__2sprintf.o(.text)
    _printf_str                              0x08003afd   Thumb Code    82  _printf_str.o(.text)
    _printf_int_dec                          0x08003b51   Thumb Code   104  _printf_dec.o(.text)
    __printf                                 0x08003bc9   Thumb Code   144  __printf_flags.o(.text)
    __use_two_region_memory                  0x08003c5d   Thumb Code     2  heapauxi.o(.text)
    __rt_heap_escrow$2region                 0x08003c5f   Thumb Code     2  heapauxi.o(.text)
    __rt_heap_expand$2region                 0x08003c61   Thumb Code     2  heapauxi.o(.text)
    __I$use$semihosting                      0x08003c63   Thumb Code     0  use_no_semi.o(.text)
    __use_no_semihosting_swi                 0x08003c63   Thumb Code     2  use_no_semi.o(.text)
    _printf_int_common                       0x08003c65   Thumb Code   178  _printf_intcommon.o(.text)
    _printf_char_common                      0x08003d23   Thumb Code    32  _printf_char_common.o(.text)
    _sputc                                   0x08003d49   Thumb Code    10  _sputc.o(.text)
    _printf_cs_common                        0x08003d53   Thumb Code    20  _printf_char.o(.text)
    _printf_char                             0x08003d67   Thumb Code    16  _printf_char.o(.text)
    _printf_string                           0x08003d77   Thumb Code     8  _printf_char.o(.text)
    _printf_char_file                        0x08003d81   Thumb Code    32  _printf_char_file.o(.text)
    ferror                                   0x08003da5   Thumb Code     8  ferror.o(.text)
    __user_setup_stackheap                   0x08003dad   Thumb Code    74  sys_stackheap_outer.o(.text)
    exit                                     0x08003df7   Thumb Code    18  exit.o(.text)
    __user_libspace                          0x08003e09   Thumb Code     8  libspace.o(.text)
    __user_perproc_libspace                  0x08003e09   Thumb Code     0  libspace.o(.text)
    __user_perthread_libspace                0x08003e09   Thumb Code     0  libspace.o(.text)
    __aeabi_d2f                              0x08003e11   Thumb Code     0  d2f.o(x$fpl$d2f)
    _d2f                                     0x08003e11   Thumb Code    98  d2f.o(x$fpl$d2f)
    __aeabi_dadd                             0x08003e75   Thumb Code     0  daddsub_clz.o(x$fpl$dadd)
    _dadd                                    0x08003e75   Thumb Code   332  daddsub_clz.o(x$fpl$dadd)
    __aeabi_ddiv                             0x08003fc5   Thumb Code     0  ddiv.o(x$fpl$ddiv)
    _ddiv                                    0x08003fc5   Thumb Code   552  ddiv.o(x$fpl$ddiv)
    __aeabi_d2iz                             0x08004275   Thumb Code     0  dfix.o(x$fpl$dfix)
    _dfix                                    0x08004275   Thumb Code    94  dfix.o(x$fpl$dfix)
    __aeabi_d2uiz                            0x080042d5   Thumb Code     0  dfixu.o(x$fpl$dfixu)
    _dfixu                                   0x080042d5   Thumb Code    90  dfixu.o(x$fpl$dfixu)
    __aeabi_i2d                              0x0800432f   Thumb Code     0  dflt_clz.o(x$fpl$dflt)
    _dflt                                    0x0800432f   Thumb Code    46  dflt_clz.o(x$fpl$dflt)
    __aeabi_ui2d                             0x0800435d   Thumb Code     0  dflt_clz.o(x$fpl$dfltu)
    _dfltu                                   0x0800435d   Thumb Code    38  dflt_clz.o(x$fpl$dfltu)
    __aeabi_dmul                             0x08004385   Thumb Code     0  dmul.o(x$fpl$dmul)
    _dmul                                    0x08004385   Thumb Code   332  dmul.o(x$fpl$dmul)
    __fpl_dnaninf                            0x080044d9   Thumb Code   156  dnaninf.o(x$fpl$dnaninf)
    __fpl_dretinf                            0x08004575   Thumb Code    12  dretinf.o(x$fpl$dretinf)
    __aeabi_dsub                             0x08004581   Thumb Code     0  daddsub_clz.o(x$fpl$dsub)
    _dsub                                    0x08004581   Thumb Code   464  daddsub_clz.o(x$fpl$dsub)
    __aeabi_f2d                              0x08004755   Thumb Code     0  f2d.o(x$fpl$f2d)
    _f2d                                     0x08004755   Thumb Code    86  f2d.o(x$fpl$f2d)
    __fpl_fcmp_Inf                           0x080047ab   Thumb Code    24  fcmpi.o(x$fpl$fcmpinf)
    __aeabi_i2f                              0x080047c5   Thumb Code     0  fflt_clz.o(x$fpl$fflt)
    _fflt                                    0x080047c5   Thumb Code    48  fflt_clz.o(x$fpl$fflt)
    __aeabi_cfcmple                          0x080047f5   Thumb Code     0  fleqf.o(x$fpl$fleqf)
    _fcmple                                  0x080047f5   Thumb Code   104  fleqf.o(x$fpl$fleqf)
    __fpl_fcmple_InfNaN                      0x08004847   Thumb Code     0  fleqf.o(x$fpl$fleqf)
    __aeabi_fmul                             0x0800485d   Thumb Code     0  fmul.o(x$fpl$fmul)
    _fmul                                    0x0800485d   Thumb Code   258  fmul.o(x$fpl$fmul)
    __fpl_fnaninf                            0x0800495f   Thumb Code   140  fnaninf.o(x$fpl$fnaninf)
    __fpl_fretinf                            0x080049eb   Thumb Code    10  fretinf.o(x$fpl$fretinf)
    __aeabi_cfrcmple                         0x080049f5   Thumb Code     0  frleqf.o(x$fpl$frleqf)
    _frcmple                                 0x080049f5   Thumb Code    98  frleqf.o(x$fpl$frleqf)
    __I$use$fp                               0x08004a56   Number         0  usenofp.o(x$fpl$usenofp)
    Region$$Table$$Base                      0x08004a68   Number         0  anon$$obj.o(Region$$Table)
    Region$$Table$$Limit                     0x08004a88   Number         0  anon$$obj.o(Region$$Table)
    SystemCoreClock                          0x20000000   Data           4  system_stm32f10x.o(.data)
    AHBPrescTable                            0x20000004   Data          16  system_stm32f10x.o(.data)
    temp_reset_flag                          0x20000014   Data           1  stepmotor.o(.data)
    temp_reset_flag1                         0x20000015   Data           1  stepmotor.o(.data)
    TIM8_CC1_Pulse                           0x20000018   Data          20  stepmotor.o(.data)
    TIM8_CC2_Pulse                           0x2000002c   Data          20  stepmotor.o(.data)
    tim_array                                0x20000040   Data          24  mcwheel.o(.data)
    TIM2_CC1_pulse                           0x20000058   Data           6  mcwheel.o(.data)
    TIM3_CC3_pulse                           0x2000005e   Data           6  mcwheel.o(.data)
    TIM4_CC3_pulse                           0x20000064   Data           6  mcwheel.o(.data)
    TIM5_CC2_pulse                           0x2000006a   Data           6  mcwheel.o(.data)
    Shot_Pid                                 0x20000070   Data          40  function.o(.data)
    Shot_Sequence                            0x20000098   Data           1  function.o(.data)
    test_mode                                0x20000099   Data           3  usart-hmi.o(.data)
    Flag_Fast_Move                           0x2000009c   Data           1  usart-hmi.o(.data)
    receive_data                             0x2000009d   Data           8  uart4_openmv.o(.data)
    receive_num                              0x200000a5   Data           1  uart4_openmv.o(.data)
    rece_ok                                  0x200000a6   Data           1  uart4_openmv.o(.data)
    Flag_Finish_Task                         0x200000a7   Data           1  uart4_openmv.o(.data)
    __stdout                                 0x200000ac   Data           4  usart.o(.data)
    ShotPid                                  0x200000c4   Data          16  function.o(.bss)
    __libspace_start                         0x200000d4   Data          96  libspace.o(.bss)
    __temporary_stack_top$libspace           0x20000134   Data           0  libspace.o(.bss)



==============================================================================

Memory Map of the image

  Image Entry point : 0x08000131

  Load Region LR_IROM1 (Base: 0x08000000, Size: 0x00004b4c, Max: 0x00080000, ABSOLUTE)

    Execution Region ER_IROM1 (Exec base: 0x08000000, Load base: 0x08000000, Size: 0x00004a88, Max: 0x00080000, ABSOLUTE)

    Exec Addr    Load Addr    Size         Type   Attr      Idx    E Section Name        Object

    0x08000000   0x08000000   0x00000130   Data   RO          379    RESET               startup_stm32f10x_hd.o
    0x08000130   0x08000130   0x00000008   Code   RO          513  * !!!main             c_w.l(__main.o)
    0x08000138   0x08000138   0x00000034   Code   RO          738    !!!scatter          c_w.l(__scatter.o)
    0x0800016c   0x0800016c   0x0000001a   Code   RO          740    !!handler_copy      c_w.l(__scatter_copy.o)
    0x08000186   0x08000186   0x00000002   PAD
    0x08000188   0x08000188   0x0000001c   Code   RO          742    !!handler_zi        c_w.l(__scatter_zi.o)
    0x080001a4   0x080001a4   0x00000000   Code   RO          510    .ARM.Collect$$_printf_percent$$00000000  c_w.l(_printf_percent.o)
    0x080001a4   0x080001a4   0x00000006   Code   RO          509    .ARM.Collect$$_printf_percent$$00000009  c_w.l(_printf_d.o)
    0x080001aa   0x080001aa   0x00000006   Code   RO          508    .ARM.Collect$$_printf_percent$$00000014  c_w.l(_printf_s.o)
    0x080001b0   0x080001b0   0x00000004   Code   RO          568    .ARM.Collect$$_printf_percent$$00000017  c_w.l(_printf_percent_end.o)
    0x080001b4   0x080001b4   0x00000002   Code   RO          612    .ARM.Collect$$libinit$$00000000  c_w.l(libinit.o)
    0x080001b6   0x080001b6   0x00000000   Code   RO          619    .ARM.Collect$$libinit$$00000002  c_w.l(libinit2.o)
    0x080001b6   0x080001b6   0x00000000   Code   RO          621    .ARM.Collect$$libinit$$00000004  c_w.l(libinit2.o)
    0x080001b6   0x080001b6   0x00000000   Code   RO          624    .ARM.Collect$$libinit$$0000000A  c_w.l(libinit2.o)
    0x080001b6   0x080001b6   0x00000000   Code   RO          626    .ARM.Collect$$libinit$$0000000C  c_w.l(libinit2.o)
    0x080001b6   0x080001b6   0x00000000   Code   RO          628    .ARM.Collect$$libinit$$0000000E  c_w.l(libinit2.o)
    0x080001b6   0x080001b6   0x00000000   Code   RO          631    .ARM.Collect$$libinit$$00000011  c_w.l(libinit2.o)
    0x080001b6   0x080001b6   0x00000000   Code   RO          633    .ARM.Collect$$libinit$$00000013  c_w.l(libinit2.o)
    0x080001b6   0x080001b6   0x00000000   Code   RO          635    .ARM.Collect$$libinit$$00000015  c_w.l(libinit2.o)
    0x080001b6   0x080001b6   0x00000000   Code   RO          637    .ARM.Collect$$libinit$$00000017  c_w.l(libinit2.o)
    0x080001b6   0x080001b6   0x00000000   Code   RO          639    .ARM.Collect$$libinit$$00000019  c_w.l(libinit2.o)
    0x080001b6   0x080001b6   0x00000000   Code   RO          641    .ARM.Collect$$libinit$$0000001B  c_w.l(libinit2.o)
    0x080001b6   0x080001b6   0x00000000   Code   RO          643    .ARM.Collect$$libinit$$0000001D  c_w.l(libinit2.o)
    0x080001b6   0x080001b6   0x00000000   Code   RO          645    .ARM.Collect$$libinit$$0000001F  c_w.l(libinit2.o)
    0x080001b6   0x080001b6   0x00000000   Code   RO          647    .ARM.Collect$$libinit$$00000021  c_w.l(libinit2.o)
    0x080001b6   0x080001b6   0x00000000   Code   RO          649    .ARM.Collect$$libinit$$00000023  c_w.l(libinit2.o)
    0x080001b6   0x080001b6   0x00000000   Code   RO          651    .ARM.Collect$$libinit$$00000025  c_w.l(libinit2.o)
    0x080001b6   0x080001b6   0x00000000   Code   RO          655    .ARM.Collect$$libinit$$0000002C  c_w.l(libinit2.o)
    0x080001b6   0x080001b6   0x00000000   Code   RO          657    .ARM.Collect$$libinit$$0000002E  c_w.l(libinit2.o)
    0x080001b6   0x080001b6   0x00000000   Code   RO          659    .ARM.Collect$$libinit$$00000030  c_w.l(libinit2.o)
    0x080001b6   0x080001b6   0x00000000   Code   RO          661    .ARM.Collect$$libinit$$00000032  c_w.l(libinit2.o)
    0x080001b6   0x080001b6   0x00000002   Code   RO          662    .ARM.Collect$$libinit$$00000033  c_w.l(libinit2.o)
    0x080001b8   0x080001b8   0x00000002   Code   RO          680    .ARM.Collect$$libshutdown$$00000000  c_w.l(libshutdown.o)
    0x080001ba   0x080001ba   0x00000000   Code   RO          690    .ARM.Collect$$libshutdown$$00000002  c_w.l(libshutdown2.o)
    0x080001ba   0x080001ba   0x00000000   Code   RO          692    .ARM.Collect$$libshutdown$$00000004  c_w.l(libshutdown2.o)
    0x080001ba   0x080001ba   0x00000000   Code   RO          695    .ARM.Collect$$libshutdown$$00000007  c_w.l(libshutdown2.o)
    0x080001ba   0x080001ba   0x00000000   Code   RO          698    .ARM.Collect$$libshutdown$$0000000A  c_w.l(libshutdown2.o)
    0x080001ba   0x080001ba   0x00000000   Code   RO          700    .ARM.Collect$$libshutdown$$0000000C  c_w.l(libshutdown2.o)
    0x080001ba   0x080001ba   0x00000000   Code   RO          703    .ARM.Collect$$libshutdown$$0000000F  c_w.l(libshutdown2.o)
    0x080001ba   0x080001ba   0x00000002   Code   RO          704    .ARM.Collect$$libshutdown$$00000010  c_w.l(libshutdown2.o)
    0x080001bc   0x080001bc   0x00000000   Code   RO          557    .ARM.Collect$$rtentry$$00000000  c_w.l(__rtentry.o)
    0x080001bc   0x080001bc   0x00000000   Code   RO          581    .ARM.Collect$$rtentry$$00000002  c_w.l(__rtentry2.o)
    0x080001bc   0x080001bc   0x00000006   Code   RO          593    .ARM.Collect$$rtentry$$00000004  c_w.l(__rtentry4.o)
    0x080001c2   0x080001c2   0x00000000   Code   RO          583    .ARM.Collect$$rtentry$$00000009  c_w.l(__rtentry2.o)
    0x080001c2   0x080001c2   0x00000004   Code   RO          584    .ARM.Collect$$rtentry$$0000000A  c_w.l(__rtentry2.o)
    0x080001c6   0x080001c6   0x00000000   Code   RO          586    .ARM.Collect$$rtentry$$0000000C  c_w.l(__rtentry2.o)
    0x080001c6   0x080001c6   0x00000008   Code   RO          587    .ARM.Collect$$rtentry$$0000000D  c_w.l(__rtentry2.o)
    0x080001ce   0x080001ce   0x00000002   Code   RO          616    .ARM.Collect$$rtexit$$00000000  c_w.l(rtexit.o)
    0x080001d0   0x080001d0   0x00000000   Code   RO          664    .ARM.Collect$$rtexit$$00000002  c_w.l(rtexit2.o)
    0x080001d0   0x080001d0   0x00000004   Code   RO          665    .ARM.Collect$$rtexit$$00000003  c_w.l(rtexit2.o)
    0x080001d4   0x080001d4   0x00000006   Code   RO          666    .ARM.Collect$$rtexit$$00000004  c_w.l(rtexit2.o)
    0x080001da   0x080001da   0x00000002   PAD
    0x080001dc   0x080001dc   0x000004dc   Code   RO            1    .text               main.o
    0x080006b8   0x080006b8   0x0000001a   Code   RO          143    .text               stm32f10x_it.o
    0x080006d2   0x080006d2   0x00000002   PAD
    0x080006d4   0x080006d4   0x000001e0   Code   RO          184    .text               system_stm32f10x.o
    0x080008b4   0x080008b4   0x00000800   Code   RO          202    .text               stepmotor.o
    0x080010b4   0x080010b4   0x00000130   Code   RO          217    .text               key.o
    0x080011e4   0x080011e4   0x00000068   Code   RO          229    .text               led.o
    0x0800124c   0x0800124c   0x00000658   Code   RO          244    .text               mcwheel.o
    0x080018a4   0x080018a4   0x00000190   Code   RO          259    .text               function.o
    0x08001a34   0x08001a34   0x00000174   Code   RO          278    .text               usart-hmi.o
    0x08001ba8   0x08001ba8   0x00000208   Code   RO          296    .text               uart4_openmv.o
    0x08001db0   0x08001db0   0x000000ec   Code   RO          314    .text               delay.o
    0x08001e9c   0x08001e9c   0x000000c0   Code   RO          348    .text               usart.o
    0x08001f5c   0x08001f5c   0x00000040   Code   RO          380    .text               startup_stm32f10x_hd.o
    0x08001f9c   0x08001f9c   0x000000dc   Code   RO          384    .text               misc.o
    0x08002078   0x08002078   0x0000035c   Code   RO          396    .text               stm32f10x_gpio.o
    0x080023d4   0x080023d4   0x000003a4   Code   RO          408    .text               stm32f10x_rcc.o
    0x08002778   0x08002778   0x00000e1a   Code   RO          422    .text               stm32f10x_tim.o
    0x08003592   0x08003592   0x00000002   PAD
    0x08003594   0x08003594   0x00000408   Code   RO          434    .text               stm32f10x_usart.o
    0x0800399c   0x0800399c   0x0000011c   Code   RO          458    .text               stm32f10x_exti.o
    0x08003ab8   0x08003ab8   0x00000002   Code   RO          472    .text               c_w.l(use_no_semi_2.o)
    0x08003aba   0x08003aba   0x00000002   PAD
    0x08003abc   0x08003abc   0x00000018   Code   RO          478    .text               c_w.l(noretval__2printf.o)
    0x08003ad4   0x08003ad4   0x00000028   Code   RO          480    .text               c_w.l(noretval__2sprintf.o)
    0x08003afc   0x08003afc   0x00000052   Code   RO          484    .text               c_w.l(_printf_str.o)
    0x08003b4e   0x08003b4e   0x00000002   PAD
    0x08003b50   0x08003b50   0x00000078   Code   RO          486    .text               c_w.l(_printf_dec.o)
    0x08003bc8   0x08003bc8   0x00000094   Code   RO          488    .text               c_w.l(__printf_flags.o)
    0x08003c5c   0x08003c5c   0x00000006   Code   RO          511    .text               c_w.l(heapauxi.o)
    0x08003c62   0x08003c62   0x00000002   Code   RO          555    .text               c_w.l(use_no_semi.o)
    0x08003c64   0x08003c64   0x000000b2   Code   RO          558    .text               c_w.l(_printf_intcommon.o)
    0x08003d16   0x08003d16   0x00000002   PAD
    0x08003d18   0x08003d18   0x00000030   Code   RO          560    .text               c_w.l(_printf_char_common.o)
    0x08003d48   0x08003d48   0x0000000a   Code   RO          562    .text               c_w.l(_sputc.o)
    0x08003d52   0x08003d52   0x0000002c   Code   RO          564    .text               c_w.l(_printf_char.o)
    0x08003d7e   0x08003d7e   0x00000002   PAD
    0x08003d80   0x08003d80   0x00000024   Code   RO          566    .text               c_w.l(_printf_char_file.o)
    0x08003da4   0x08003da4   0x00000008   Code   RO          597    .text               c_w.l(ferror.o)
    0x08003dac   0x08003dac   0x0000004a   Code   RO          603    .text               c_w.l(sys_stackheap_outer.o)
    0x08003df6   0x08003df6   0x00000012   Code   RO          605    .text               c_w.l(exit.o)
    0x08003e08   0x08003e08   0x00000008   Code   RO          613    .text               c_w.l(libspace.o)
    0x08003e10   0x08003e10   0x00000062   Code   RO          515    x$fpl$d2f           fz_ws.l(d2f.o)
    0x08003e72   0x08003e72   0x00000002   PAD
    0x08003e74   0x08003e74   0x00000150   Code   RO          517    x$fpl$dadd          fz_ws.l(daddsub_clz.o)
    0x08003fc4   0x08003fc4   0x000002b0   Code   RO          524    x$fpl$ddiv          fz_ws.l(ddiv.o)
    0x08004274   0x08004274   0x0000005e   Code   RO          527    x$fpl$dfix          fz_ws.l(dfix.o)
    0x080042d2   0x080042d2   0x00000002   PAD
    0x080042d4   0x080042d4   0x0000005a   Code   RO          531    x$fpl$dfixu         fz_ws.l(dfixu.o)
    0x0800432e   0x0800432e   0x0000002e   Code   RO          536    x$fpl$dflt          fz_ws.l(dflt_clz.o)
    0x0800435c   0x0800435c   0x00000026   Code   RO          535    x$fpl$dfltu         fz_ws.l(dflt_clz.o)
    0x08004382   0x08004382   0x00000002   PAD
    0x08004384   0x08004384   0x00000154   Code   RO          541    x$fpl$dmul          fz_ws.l(dmul.o)
    0x080044d8   0x080044d8   0x0000009c   Code   RO          569    x$fpl$dnaninf       fz_ws.l(dnaninf.o)
    0x08004574   0x08004574   0x0000000c   Code   RO          571    x$fpl$dretinf       fz_ws.l(dretinf.o)
    0x08004580   0x08004580   0x000001d4   Code   RO          519    x$fpl$dsub          fz_ws.l(daddsub_clz.o)
    0x08004754   0x08004754   0x00000056   Code   RO          543    x$fpl$f2d           fz_ws.l(f2d.o)
    0x080047aa   0x080047aa   0x00000018   Code   RO          601    x$fpl$fcmpinf       fz_ws.l(fcmpi.o)
    0x080047c2   0x080047c2   0x00000002   PAD
    0x080047c4   0x080047c4   0x00000030   Code   RO          546    x$fpl$fflt          fz_ws.l(fflt_clz.o)
    0x080047f4   0x080047f4   0x00000068   Code   RO          573    x$fpl$fleqf         fz_ws.l(fleqf.o)
    0x0800485c   0x0800485c   0x00000102   Code   RO          551    x$fpl$fmul          fz_ws.l(fmul.o)
    0x0800495e   0x0800495e   0x0000008c   Code   RO          575    x$fpl$fnaninf       fz_ws.l(fnaninf.o)
    0x080049ea   0x080049ea   0x0000000a   Code   RO          577    x$fpl$fretinf       fz_ws.l(fretinf.o)
    0x080049f4   0x080049f4   0x00000062   Code   RO          553    x$fpl$frleqf        fz_ws.l(frleqf.o)
    0x08004a56   0x08004a56   0x00000000   Code   RO          579    x$fpl$usenofp       fz_ws.l(usenofp.o)
    0x08004a56   0x08004a56   0x00000011   Data   RO          489    .constdata          c_w.l(__printf_flags.o)
    0x08004a67   0x08004a67   0x00000001   PAD
    0x08004a68   0x08004a68   0x00000020   Data   RO          736    Region$$Table       anon$$obj.o


    Execution Region RW_IRAM1 (Exec base: 0x20000000, Load base: 0x08004a88, Size: 0x00000738, Max: 0x00010000, ABSOLUTE)

    Exec Addr    Load Addr    Size         Type   Attr      Idx    E Section Name        Object

    0x20000000   0x08004a88   0x00000014   Data   RW          185    .data               system_stm32f10x.o
    0x20000014   0x08004a9c   0x0000002c   Data   RW          203    .data               stepmotor.o
    0x20000040   0x08004ac8   0x00000030   Data   RW          245    .data               mcwheel.o
    0x20000070   0x08004af8   0x00000029   Data   RW          261    .data               function.o
    0x20000099   0x08004b21   0x00000004   Data   RW          279    .data               usart-hmi.o
    0x2000009d   0x08004b25   0x0000000b   Data   RW          297    .data               uart4_openmv.o
    0x200000a8   0x08004b30   0x00000004   Data   RW          315    .data               delay.o
    0x200000ac   0x08004b34   0x00000004   Data   RW          349    .data               usart.o
    0x200000b0   0x08004b38   0x00000014   Data   RW          409    .data               stm32f10x_rcc.o
    0x200000c4        -       0x00000010   Zero   RW          260    .bss                function.o
    0x200000d4        -       0x00000060   Zero   RW          614    .bss                c_w.l(libspace.o)
    0x20000134   0x08004b4c   0x00000004   PAD
    0x20000138        -       0x00000200   Zero   RW          378    HEAP                startup_stm32f10x_hd.o
    0x20000338        -       0x00000400   Zero   RW          377    STACK               startup_stm32f10x_hd.o


==============================================================================

Image component sizes


      Code (inc. data)   RO Data    RW Data    ZI Data      Debug   Object Name

       236         16          0          4          0       1303   delay.o
       400         26          0         41         16       2756   function.o
       304         26          0          0          0       1014   key.o
       104         16          0          0          0        869   led.o
      1244        102          0          0          0     257775   main.o
      1624        106          0         48          0       4607   mcwheel.o
       220         22          0          0          0       1897   misc.o
        64         26        304          0       1536        824   startup_stm32f10x_hd.o
      2048        198          0         44          0       5889   stepmotor.o
       284         10          0          0          0       2351   stm32f10x_exti.o
       860         38          0          0          0       5829   stm32f10x_gpio.o
        26          0          0          0          0       1226   stm32f10x_it.o
       932         36          0         20          0       9052   stm32f10x_rcc.o
      3610         88          0          0          0      22936   stm32f10x_tim.o
      1032         22          0          0          0       8552   stm32f10x_usart.o
         0          0          0          0          0         32   sys.o
       480         38          0         20          0       1883   system_stm32f10x.o
       520         44          0         11          0       2569   uart4_openmv.o
       372         18          0          4          0       2927   usart-hmi.o
       192          8          0          4          0       2946   usart.o

    ----------------------------------------------------------------------
     14556        840        336        196       1552     337237   Object Totals
         0          0         32          0          0          0   (incl. Generated)
         4          0          0          0          0          0   (incl. Padding)

    ----------------------------------------------------------------------

      Code (inc. data)   RO Data    RW Data    ZI Data      Debug   Library Member Name

         8          0          0          0          0         68   __main.o
       148          4         17          0          0         84   __printf_flags.o
         0          0          0          0          0          0   __rtentry.o
        12          0          0          0          0          0   __rtentry2.o
         6          0          0          0          0          0   __rtentry4.o
        52          8          0          0          0          0   __scatter.o
        26          0          0          0          0          0   __scatter_copy.o
        28          0          0          0          0          0   __scatter_zi.o
        44          0          0          0          0        108   _printf_char.o
        48          6          0          0          0         96   _printf_char_common.o
        36          4          0          0          0         80   _printf_char_file.o
         6          0          0          0          0          0   _printf_d.o
       120         16          0          0          0         92   _printf_dec.o
       178          0          0          0          0         88   _printf_intcommon.o
         0          0          0          0          0          0   _printf_percent.o
         4          0          0          0          0          0   _printf_percent_end.o
         6          0          0          0          0          0   _printf_s.o
        82          0          0          0          0         80   _printf_str.o
        10          0          0          0          0         68   _sputc.o
        18          0          0          0          0         80   exit.o
         8          0          0          0          0         68   ferror.o
         6          0          0          0          0        152   heapauxi.o
         2          0          0          0          0          0   libinit.o
         2          0          0          0          0          0   libinit2.o
         2          0          0          0          0          0   libshutdown.o
         2          0          0          0          0          0   libshutdown2.o
         8          4          0          0         96         68   libspace.o
        24          4          0          0          0         84   noretval__2printf.o
        40          6          0          0          0         84   noretval__2sprintf.o
         2          0          0          0          0          0   rtexit.o
        10          0          0          0          0          0   rtexit2.o
        74          0          0          0          0         80   sys_stackheap_outer.o
         2          0          0          0          0         68   use_no_semi.o
         2          0          0          0          0         68   use_no_semi_2.o
        98          4          0          0          0         92   d2f.o
       804         16          0          0          0        272   daddsub_clz.o
       688        140          0          0          0        208   ddiv.o
        94          4          0          0          0         92   dfix.o
        90          4          0          0          0         92   dfixu.o
        84          0          0          0          0        136   dflt_clz.o
       340         12          0          0          0        104   dmul.o
       156          4          0          0          0         92   dnaninf.o
        12          0          0          0          0         68   dretinf.o
        86          4          0          0          0         84   f2d.o
        24          0          0          0          0         68   fcmpi.o
        48          0          0          0          0         68   fflt_clz.o
       104          4          0          0          0         84   fleqf.o
       258          4          0          0          0         84   fmul.o
       140          4          0          0          0         84   fnaninf.o
        10          0          0          0          0         68   fretinf.o
        98          0          0          0          0         68   frleqf.o
         0          0          0          0          0          0   usenofp.o

    ----------------------------------------------------------------------
      4170        252         18          0        100       3280   Library Totals
        20          0          1          0          4          0   (incl. Padding)

    ----------------------------------------------------------------------

      Code (inc. data)   RO Data    RW Data    ZI Data      Debug   Library Name

      1016         52         17          0         96       1516   c_w.l
      3134        200          0          0          0       1764   fz_ws.l

    ----------------------------------------------------------------------
      4170        252         18          0        100       3280   Library Totals

    ----------------------------------------------------------------------

==============================================================================


      Code (inc. data)   RO Data    RW Data    ZI Data      Debug   

     18726       1092        354        196       1652     337133   Grand Totals
     18726       1092        354        196       1652     337133   ELF Image Totals
     18726       1092        354        196          0          0   ROM Totals

==============================================================================

    Total RO  Size (Code + RO Data)                19080 (  18.63kB)
    Total RW  Size (RW Data + ZI Data)              1848 (   1.80kB)
    Total ROM Size (Code + RO Data + RW Data)      19276 (  18.82kB)

==============================================================================

